<html>
<body>
<pre>
<h1>µVision Build Log</h1>
<h2>Tool Versions:</h2>
IDE-Version: ¦ÌVision V5.30.0.0
Copyright (C) 2020 ARM Ltd and ARM Germany GmbH. All rights reserved.
License Information: h HD, h, LIC=WHYH9-4P6WD-Z9TG9-4SY6L-2VWY5-8A1T5
 
Tool Versions:
Toolchain:       MDK-ARM Plus  Version: 5.30.0.0
Toolchain Path:  D:\Keil_v5\ARM\ARMCC\Bin
C Compiler:      Armcc.exe V5.06 update 6 (build 750)
Assembler:       Armasm.exe V5.06 update 6 (build 750)
Linker/Locator:  ArmLink.exe V5.06 update 6 (build 750)
Library Manager: ArmAr.exe V5.06 update 6 (build 750)
Hex Converter:   FromElf.exe V5.06 update 6 (build 750)
CPU DLL:         SARMCM3.DLL V5.30.0.0
Dialog DLL:      DCM.DLL V1.17.3.0
Target DLL:      Segger\JL2CM3.dll V2.99.38.0
Dialog DLL:      TCM.DLL V1.42.0.0
 
<h2>Project:</h2>
F:\ÎÄµµ\ÔªÆ÷¼þ\AT32F435\pmc006e3\project\MDK_V5\pmc006e3.uvprojx
Project File Date:  03/24/2026

<h2>Output:</h2>
*** Using Compiler 'V5.06 update 6 (build 750)', folder: 'D:\Keil_v5\ARM\ARMCC\Bin'
Rebuild target 'pmc006e3'
compiling wk_tmr.c...
compiling wk_spi.c...
compiling main.c...
compiling at32f435_437_int.c...
compiling wk_system.c...
compiling wk_exint.c...
compiling at32f435_437_wk_config.c...
compiling wk_gpio.c...
compiling at32f435_437_acc.c...
compiling at32f435_437_crc.c...
compiling at32f435_437_dac.c...
compiling at32f435_437_adc.c...
compiling at32f435_437_can.c...
compiling at32f435_437_crm.c...
compiling at32f435_437_debug.c...
compiling at32f435_437_dma.c...
compiling at32f435_437_emac.c...
compiling at32f435_437_dvp.c...
compiling at32f435_437_edma.c...
compiling at32f435_437_exint.c...
compiling at32f435_437_ertc.c...
compiling at32f435_437_flash.c...
compiling at32f435_437_gpio.c...
compiling at32f435_437_misc.c...
compiling at32f435_437_i2c.c...
compiling at32f435_437_qspi.c...
compiling at32f435_437_pwc.c...
compiling at32f435_437_scfg.c...
compiling at32f435_437_sdio.c...
compiling at32f435_437_spi.c...
compiling at32f435_437_usart.c...
compiling at32f435_437_tmr.c...
assembling startup_at32f435_437.s...
compiling at32f435_437_wwdt.c...
compiling at32f435_437_wdt.c...
compiling at32f435_437_usb.c...
compiling at32f435_437_xmc.c...
compiling system_at32f435_437.c...
linking...
Program Size: Code=4638 RO-data=618 RW-data=8 ZI-data=3168  
FromELF: creating hex file...
".\objects\pmc006e3.axf" - 0 Error(s), 0 Warning(s).

<h2>Software Packages used:</h2>

Package Vendor: ArteryTek
                
                ArteryTek.AT32F435_437_DFP.2.2.4
                ArteryTek AT32F4 Series Device Support,Drivers

<h2>Collection of Component include folders:</h2>
  .\RTE\_pmc006e3
  D:\Keil_v5\Arm\Packs\ArteryTek\AT32F435_437_DFP\2.2.4\Device\Include

<h2>Collection of Component Files used:</h2>
Build Time Elapsed:  00:00:06
</pre>
</body>
</html>
