Component: ARM Compiler 5.06 update 6 (build 750) Tool: armlink [4d35ed]

==============================================================================

Section Cross References

    at32f435_437_int.o(i.EXINT0_IRQHandler) refers to at32f435_437_exint.o(i.exint_interrupt_flag_get) for exint_interrupt_flag_get
    at32f435_437_int.o(i.EXINT0_IRQHandler) refers to at32f435_437_exint.o(i.exint_flag_clear) for exint_flag_clear
    at32f435_437_int.o(i.EXINT1_IRQHandler) refers to at32f435_437_exint.o(i.exint_interrupt_flag_get) for exint_interrupt_flag_get
    at32f435_437_int.o(i.EXINT1_IRQHandler) refers to at32f435_437_exint.o(i.exint_flag_clear) for exint_flag_clear
    at32f435_437_int.o(i.EXINT9_5_IRQHandler) refers to at32f435_437_exint.o(i.exint_interrupt_flag_get) for exint_interrupt_flag_get
    at32f435_437_int.o(i.EXINT9_5_IRQHandler) refers to at32f435_437_exint.o(i.exint_flag_clear) for exint_flag_clear
    at32f435_437_int.o(i.TMR7_GLOBAL_IRQHandler) refers to at32f435_437_tmr.o(i.tmr_interrupt_flag_get) for tmr_interrupt_flag_get
    at32f435_437_int.o(i.TMR7_GLOBAL_IRQHandler) refers to at32f435_437_tmr.o(i.tmr_flag_clear) for tmr_flag_clear
    at32f435_437_wk_config.o(i.wk_nvic_config) refers to at32f435_437_misc.o(i.nvic_priority_group_config) for nvic_priority_group_config
    at32f435_437_wk_config.o(i.wk_nvic_config) refers to at32f435_437_wk_config.o(i.__NVIC_GetPriorityGrouping) for __NVIC_GetPriorityGrouping
    at32f435_437_wk_config.o(i.wk_nvic_config) refers to at32f435_437_wk_config.o(i.NVIC_EncodePriority) for NVIC_EncodePriority
    at32f435_437_wk_config.o(i.wk_nvic_config) refers to at32f435_437_wk_config.o(i.__NVIC_SetPriority) for __NVIC_SetPriority
    at32f435_437_wk_config.o(i.wk_nvic_config) refers to at32f435_437_misc.o(i.nvic_irq_enable) for nvic_irq_enable
    at32f435_437_wk_config.o(i.wk_periph_clock_config) refers to at32f435_437_crm.o(i.crm_periph_clock_enable) for crm_periph_clock_enable
    at32f435_437_wk_config.o(i.wk_system_clock_config) refers to at32f435_437_crm.o(i.crm_reset) for crm_reset
    at32f435_437_wk_config.o(i.wk_system_clock_config) refers to at32f435_437_crm.o(i.crm_periph_clock_enable) for crm_periph_clock_enable
    at32f435_437_wk_config.o(i.wk_system_clock_config) refers to at32f435_437_crm.o(i.crm_clock_source_enable) for crm_clock_source_enable
    at32f435_437_wk_config.o(i.wk_system_clock_config) refers to at32f435_437_crm.o(i.crm_flag_get) for crm_flag_get
    at32f435_437_wk_config.o(i.wk_system_clock_config) refers to at32f435_437_crm.o(i.crm_pll_config) for crm_pll_config
    at32f435_437_wk_config.o(i.wk_system_clock_config) refers to at32f435_437_crm.o(i.crm_ahb_div_set) for crm_ahb_div_set
    at32f435_437_wk_config.o(i.wk_system_clock_config) refers to at32f435_437_crm.o(i.crm_apb2_div_set) for crm_apb2_div_set
    at32f435_437_wk_config.o(i.wk_system_clock_config) refers to at32f435_437_crm.o(i.crm_apb1_div_set) for crm_apb1_div_set
    at32f435_437_wk_config.o(i.wk_system_clock_config) refers to at32f435_437_crm.o(i.crm_auto_step_mode_enable) for crm_auto_step_mode_enable
    at32f435_437_wk_config.o(i.wk_system_clock_config) refers to at32f435_437_crm.o(i.crm_sysclk_switch) for crm_sysclk_switch
    at32f435_437_wk_config.o(i.wk_system_clock_config) refers to at32f435_437_crm.o(i.crm_sysclk_switch_status_get) for crm_sysclk_switch_status_get
    at32f435_437_wk_config.o(i.wk_system_clock_config) refers to system_at32f435_437.o(i.system_core_clock_update) for system_core_clock_update
    main.o(i.main) refers to at32f435_437_wk_config.o(i.wk_system_clock_config) for wk_system_clock_config
    main.o(i.main) refers to at32f435_437_wk_config.o(i.wk_periph_clock_config) for wk_periph_clock_config
    main.o(i.main) refers to at32f435_437_wk_config.o(i.wk_nvic_config) for wk_nvic_config
    main.o(i.main) refers to wk_system.o(i.wk_timebase_init) for wk_timebase_init
    main.o(i.main) refers to wk_gpio.o(i.wk_gpio_config) for wk_gpio_config
    main.o(i.main) refers to wk_spi.o(i.wk_spi2_init) for wk_spi2_init
    main.o(i.main) refers to wk_exint.o(i.wk_exint_config) for wk_exint_config
    main.o(i.main) refers to wk_tmr.o(i.wk_tmr7_init) for wk_tmr7_init
    wk_system.o(i.wk_delay_ms) refers to wk_system.o(i.wk_delay_us) for wk_delay_us
    wk_system.o(i.wk_delay_us) refers to wk_system.o(.data) for ticks_count_us
    wk_system.o(i.wk_timebase_init) refers to at32f435_437_crm.o(i.crm_clocks_freq_get) for crm_clocks_freq_get
    wk_system.o(i.wk_timebase_init) refers to at32f435_437_misc.o(i.systick_clock_source_config) for systick_clock_source_config
    wk_system.o(i.wk_timebase_init) refers to wk_system.o(.data) for ticks_count_us
    wk_exint.o(i.wk_exint_config) refers to at32f435_437_gpio.o(i.gpio_default_para_init) for gpio_default_para_init
    wk_exint.o(i.wk_exint_config) refers to at32f435_437_gpio.o(i.gpio_init) for gpio_init
[...]
    Removing at32f435_437_sdio.o(i.sdio_data_config), (56 bytes).
    Removing at32f435_437_sdio.o(i.sdio_data_counter_get), (6 bytes).
    Removing at32f435_437_sdio.o(i.sdio_data_read), (8 bytes).
    Removing at32f435_437_sdio.o(i.sdio_data_state_machine_enable), (10 bytes).
    Removing at32f435_437_sdio.o(i.sdio_data_write), (6 bytes).
    Removing at32f435_437_sdio.o(i.sdio_dma_enable), (10 bytes).
    Removing at32f435_437_sdio.o(i.sdio_flag_clear), (4 bytes).
    Removing at32f435_437_sdio.o(i.sdio_flag_get), (20 bytes).
    Removing at32f435_437_sdio.o(i.sdio_flow_control_enable), (10 bytes).
    Removing at32f435_437_sdio.o(i.sdio_interrupt_enable), (20 bytes).
    Removing at32f435_437_sdio.o(i.sdio_interrupt_flag_get), (20 bytes).
    Removing at32f435_437_sdio.o(i.sdio_io_function_enable), (10 bytes).
    Removing at32f435_437_sdio.o(i.sdio_io_suspend_command_set), (10 bytes).
    Removing at32f435_437_sdio.o(i.sdio_power_saving_mode_enable), (10 bytes).
    Removing at32f435_437_sdio.o(i.sdio_power_set), (10 bytes).
    Removing at32f435_437_sdio.o(i.sdio_power_status_get), (10 bytes).
    Removing at32f435_437_sdio.o(i.sdio_read_wait_mode_set), (10 bytes).
    Removing at32f435_437_sdio.o(i.sdio_read_wait_start), (10 bytes).
    Removing at32f435_437_sdio.o(i.sdio_read_wait_stop), (10 bytes).
    Removing at32f435_437_sdio.o(i.sdio_reset), (28 bytes).
    Removing at32f435_437_sdio.o(i.sdio_response_get), (42 bytes).
    Removing at32f435_437_spi.o(.rev16_text), (4 bytes).
    Removing at32f435_437_spi.o(.revsh_text), (4 bytes).
    Removing at32f435_437_spi.o(.rrx_text), (6 bytes).
    Removing at32f435_437_spi.o(i.i2s_default_para_init), (22 bytes).
    Removing at32f435_437_spi.o(i.i2s_enable), (10 bytes).
    Removing at32f435_437_spi.o(i.i2s_init), (550 bytes).
    Removing at32f435_437_spi.o(i.spi_crc_enable), (10 bytes).
    Removing at32f435_437_spi.o(i.spi_crc_next_transmit), (14 bytes).
    Removing at32f435_437_spi.o(i.spi_crc_polynomial_get), (8 bytes).
    Removing at32f435_437_spi.o(i.spi_crc_polynomial_set), (10 bytes).
    Removing at32f435_437_spi.o(i.spi_crc_value_get), (18 bytes).
    Removing at32f435_437_spi.o(i.spi_frame_bit_num_set), (10 bytes).
    Removing at32f435_437_spi.o(i.spi_half_duplex_direction_set), (10 bytes).
    Removing at32f435_437_spi.o(i.spi_hardware_cs_output_enable), (10 bytes).
    Removing at32f435_437_spi.o(i.spi_i2s_data_receive), (8 bytes).
    Removing at32f435_437_spi.o(i.spi_i2s_data_transmit), (4 bytes).
    Removing at32f435_437_spi.o(i.spi_i2s_dma_receiver_enable), (10 bytes).
    Removing at32f435_437_spi.o(i.spi_i2s_dma_transmitter_enable), (10 bytes).
    Removing at32f435_437_spi.o(i.spi_i2s_flag_clear), (58 bytes).
    Removing at32f435_437_spi.o(i.spi_i2s_flag_get), (16 bytes).
    Removing at32f435_437_spi.o(i.spi_i2s_interrupt_enable), (18 bytes).
    Removing at32f435_437_spi.o(i.spi_i2s_interrupt_flag_get), (186 bytes).
    Removing at32f435_437_spi.o(i.spi_i2s_reset), (132 bytes).
    Removing at32f435_437_spi.o(i.spi_software_cs_internal_level_set), (10 bytes).
    Removing at32f435_437_spi.o(i.spi_ti_mode_enable), (10 bytes).
    Removing at32f435_437_tmr.o(.rev16_text), (4 bytes).
    Removing at32f435_437_tmr.o(.revsh_text), (4 bytes).
    Removing at32f435_437_tmr.o(.rrx_text), (6 bytes).
    Removing at32f435_437_tmr.o(i.tmr_32_bit_function_enable), (28 bytes).
    Removing at32f435_437_tmr.o(i.tmr_brkdt_config), (72 bytes).
    Removing at32f435_437_tmr.o(i.tmr_brkdt_default_para_init), (18 bytes).
    Removing at32f435_437_tmr.o(i.tmr_channel1_input_select), (10 bytes).
    Removing at32f435_437_tmr.o(i.tmr_channel_buffer_enable), (10 bytes).
    Removing at32f435_437_tmr.o(i.tmr_channel_dma_select), (10 bytes).
    Removing at32f435_437_tmr.o(i.tmr_channel_enable), (96 bytes).
    Removing at32f435_437_tmr.o(i.tmr_channel_value_get), (50 bytes).
    Removing at32f435_437_tmr.o(i.tmr_channel_value_set), (46 bytes).
    Removing at32f435_437_tmr.o(i.tmr_clock_source_div_set), (10 bytes).
    Removing at32f435_437_tmr.o(i.tmr_counter_value_get), (6 bytes).
    Removing at32f435_437_tmr.o(i.tmr_counter_value_set), (4 bytes).
    Removing at32f435_437_tmr.o(i.tmr_div_value_get), (6 bytes).
    Removing at32f435_437_tmr.o(i.tmr_div_value_set), (4 bytes).
    Removing at32f435_437_tmr.o(i.tmr_dma_control_config), (18 bytes).
    Removing at32f435_437_tmr.o(i.tmr_dma_request_enable), (22 bytes).
    Removing at32f435_437_tmr.o(i.tmr_encoder_mode_config), (86 bytes).
    Removing at32f435_437_tmr.o(i.tmr_event_sw_trigger), (8 bytes).
    Removing at32f435_437_tmr.o(i.tmr_external_clock_config), (28 bytes).
    Removing at32f435_437_tmr.o(i.tmr_external_clock_mode1_config), (44 bytes).
    Removing at32f435_437_tmr.o(i.tmr_external_clock_mode2_config), (36 bytes).
    Removing at32f435_437_tmr.o(i.tmr_flag_get), (18 bytes).
    Removing at32f435_437_tmr.o(i.tmr_force_output_set), (76 bytes).
    Removing at32f435_437_tmr.o(i.tmr_hall_select), (10 bytes).
    Removing at32f435_437_tmr.o(i.tmr_input_channel_divider_set), (66 bytes).
    Removing at32f435_437_tmr.o(i.tmr_input_channel_filter_set), (66 bytes).
    Removing at32f435_437_tmr.o(i.tmr_input_channel_init), (304 bytes).
    Removing at32f435_437_tmr.o(i.tmr_input_default_para_init), (16 bytes).
    Removing at32f435_437_tmr.o(i.tmr_internal_clock_set), (10 bytes).
    Removing at32f435_437_tmr.o(i.tmr_iremap_config), (36 bytes).
    Removing at32f435_437_tmr.o(i.tmr_one_cycle_mode_enable), (10 bytes).
    Removing at32f435_437_tmr.o(i.tmr_output_channel_buffer_enable), (76 bytes).
    Removing at32f435_437_tmr.o(i.tmr_output_channel_config), (482 bytes).
    Removing at32f435_437_tmr.o(i.tmr_output_channel_immediately_set), (76 bytes).
    Removing at32f435_437_tmr.o(i.tmr_output_channel_mode_select), (76 bytes).
    Removing at32f435_437_tmr.o(i.tmr_output_channel_polarity_set), (96 bytes).
    Removing at32f435_437_tmr.o(i.tmr_output_channel_switch_set), (76 bytes).
    Removing at32f435_437_tmr.o(i.tmr_output_default_para_init), (18 bytes).
    Removing at32f435_437_tmr.o(i.tmr_output_enable), (10 bytes).
    Removing at32f435_437_tmr.o(i.tmr_overflow_event_disable), (10 bytes).
    Removing at32f435_437_tmr.o(i.tmr_overflow_request_source_set), (10 bytes).
    Removing at32f435_437_tmr.o(i.tmr_period_value_get), (6 bytes).
    Removing at32f435_437_tmr.o(i.tmr_period_value_set), (4 bytes).
    Removing at32f435_437_tmr.o(i.tmr_pwm_input_config), (382 bytes).
    Removing at32f435_437_tmr.o(i.tmr_repetition_counter_set), (10 bytes).
    Removing at32f435_437_tmr.o(i.tmr_reset), (480 bytes).
    Removing at32f435_437_tmr.o(i.tmr_sub_mode_select), (10 bytes).
    Removing at32f435_437_tmr.o(i.tmr_sub_sync_mode_set), (10 bytes).
    Removing at32f435_437_tmr.o(i.tmr_trgout2_enable), (10 bytes).
    Removing at32f435_437_tmr.o(i.tmr_trigger_input_select), (10 bytes).
    Removing at32f435_437_usart.o(.rev16_text), (4 bytes).
    Removing at32f435_437_usart.o(.revsh_text), (4 bytes).
    Removing at32f435_437_usart.o(.rrx_text), (6 bytes).
    Removing at32f435_437_usart.o(i.usart_break_bit_num_set), (10 bytes).
    Removing at32f435_437_usart.o(i.usart_break_send), (12 bytes).
    Removing at32f435_437_usart.o(i.usart_clock_config), (28 bytes).
    Removing at32f435_437_usart.o(i.usart_clock_enable), (10 bytes).
    Removing at32f435_437_usart.o(i.usart_data_receive), (8 bytes).
    Removing at32f435_437_usart.o(i.usart_data_transmit), (8 bytes).
    Removing at32f435_437_usart.o(i.usart_de_polarity_set), (10 bytes).
    Removing at32f435_437_usart.o(i.usart_dma_receiver_enable), (10 bytes).
    Removing at32f435_437_usart.o(i.usart_dma_transmitter_enable), (10 bytes).
    Removing at32f435_437_usart.o(i.usart_enable), (10 bytes).
    Removing at32f435_437_usart.o(i.usart_flag_clear), (18 bytes).
    Removing at32f435_437_usart.o(i.usart_flag_get), (16 bytes).
    Removing at32f435_437_usart.o(i.usart_hardware_flow_control_set), (102 bytes).
    Removing at32f435_437_usart.o(i.usart_id_bit_num_set), (10 bytes).
    Removing at32f435_437_usart.o(i.usart_init), (172 bytes).
    Removing at32f435_437_usart.o(i.usart_interrupt_enable), (54 bytes).
    Removing at32f435_437_usart.o(i.usart_interrupt_flag_get), (176 bytes).
    Removing at32f435_437_usart.o(i.usart_irda_low_power_enable), (10 bytes).
    Removing at32f435_437_usart.o(i.usart_irda_mode_enable), (10 bytes).
    Removing at32f435_437_usart.o(i.usart_irda_smartcard_division_set), (10 bytes).
    Removing at32f435_437_usart.o(i.usart_lin_mode_enable), (10 bytes).
    Removing at32f435_437_usart.o(i.usart_parity_selection_config), (76 bytes).
    Removing at32f435_437_usart.o(i.usart_receiver_enable), (10 bytes).
    Removing at32f435_437_usart.o(i.usart_receiver_mute_enable), (10 bytes).
    Removing at32f435_437_usart.o(i.usart_reset), (228 bytes).
    Removing at32f435_437_usart.o(i.usart_rs485_delay_time_config), (18 bytes).
    Removing at32f435_437_usart.o(i.usart_rs485_mode_enable), (10 bytes).
    Removing at32f435_437_usart.o(i.usart_single_line_halfduplex_select), (10 bytes).
    Removing at32f435_437_usart.o(i.usart_smartcard_guard_time_set), (10 bytes).
    Removing at32f435_437_usart.o(i.usart_smartcard_mode_enable), (10 bytes).
    Removing at32f435_437_usart.o(i.usart_smartcard_nack_set), (10 bytes).
    Removing at32f435_437_usart.o(i.usart_transmit_receive_pin_swap), (10 bytes).
    Removing at32f435_437_usart.o(i.usart_transmitter_enable), (10 bytes).
    Removing at32f435_437_usart.o(i.usart_wakeup_id_set), (46 bytes).
    Removing at32f435_437_usart.o(i.usart_wakeup_mode_set), (10 bytes).
    Removing at32f435_437_usb.o(.rev16_text), (4 bytes).
    Removing at32f435_437_usb.o(.revsh_text), (4 bytes).
    Removing at32f435_437_usb.o(.rrx_text), (6 bytes).
    Removing at32f435_437_usb.o(i.usb_connect), (18 bytes).
    Removing at32f435_437_usb.o(i.usb_disconnect), (20 bytes).
    Removing at32f435_437_usb.o(i.usb_ept0_setup), (34 bytes).
    Removing at32f435_437_usb.o(i.usb_ept0_start), (44 bytes).
    Removing at32f435_437_usb.o(i.usb_ept_clear_stall), (146 bytes).
    Removing at32f435_437_usb.o(i.usb_ept_close), (258 bytes).
    Removing at32f435_437_usb.o(i.usb_ept_in_clear), (12 bytes).
    Removing at32f435_437_usb.o(i.usb_ept_in_interrupt), (44 bytes).
    Removing at32f435_437_usb.o(i.usb_ept_open), (438 bytes).
    Removing at32f435_437_usb.o(i.usb_ept_out_clear), (12 bytes).
    Removing at32f435_437_usb.o(i.usb_ept_out_interrupt), (22 bytes).
    Removing at32f435_437_usb.o(i.usb_ept_stall), (146 bytes).
    Removing at32f435_437_usb.o(i.usb_flush_rx_fifo), (44 bytes).
    Removing at32f435_437_usb.o(i.usb_flush_tx_fifo), (56 bytes).
    Removing at32f435_437_usb.o(i.usb_get_all_in_interrupt), (18 bytes).
    Removing at32f435_437_usb.o(i.usb_get_all_out_interrupt), (18 bytes).
    Removing at32f435_437_usb.o(i.usb_global_clear_interrupt), (4 bytes).
    Removing at32f435_437_usb.o(i.usb_global_get_all_interrupt), (10 bytes).
    Removing at32f435_437_usb.o(i.usb_global_init), (24 bytes).
    Removing at32f435_437_usb.o(i.usb_global_interrupt_enable), (20 bytes).
    Removing at32f435_437_usb.o(i.usb_global_power_on), (36 bytes).
    Removing at32f435_437_usb.o(i.usb_global_reset), (76 bytes).
    Removing at32f435_437_usb.o(i.usb_global_select_core), (20 bytes).
    Removing at32f435_437_usb.o(i.usb_global_set_mode), (68 bytes).
    Removing at32f435_437_usb.o(i.usb_hc_enable), (284 bytes).
    Removing at32f435_437_usb.o(i.usb_hch_halt), (236 bytes).
    Removing at32f435_437_usb.o(i.usb_hch_read_interrupt), (12 bytes).
    Removing at32f435_437_usb.o(i.usb_host_disable), (92 bytes).
    Removing at32f435_437_usb.o(i.usb_interrupt_disable), (10 bytes).
    Removing at32f435_437_usb.o(i.usb_interrupt_enable), (12 bytes).
    Removing at32f435_437_usb.o(i.usb_open_phy_clk), (14 bytes).
    Removing at32f435_437_usb.o(i.usb_port_power_on), (36 bytes).
    Removing at32f435_437_usb.o(i.usb_read_packet), (42 bytes).
    Removing at32f435_437_usb.o(i.usb_remote_wkup_clear), (18 bytes).
    Removing at32f435_437_usb.o(i.usb_remote_wkup_set), (20 bytes).
    Removing at32f435_437_usb.o(i.usb_set_address), (14 bytes).
    Removing at32f435_437_usb.o(i.usb_set_rx_fifo), (4 bytes).
    Removing at32f435_437_usb.o(i.usb_set_tx_fifo), (66 bytes).
    Removing at32f435_437_usb.o(i.usb_stop_phy_clk), (16 bytes).
    Removing at32f435_437_usb.o(i.usb_suspend_status_get), (14 bytes).
    Removing at32f435_437_usb.o(i.usb_write_packet), (48 bytes).
    Removing at32f435_437_usb.o(i.usbh_fsls_clksel), (34 bytes).
    Removing at32f435_437_usb.o(i.usbh_get_frame), (12 bytes).
    Removing at32f435_437_wdt.o(.rev16_text), (4 bytes).
    Removing at32f435_437_wdt.o(.revsh_text), (4 bytes).
    Removing at32f435_437_wdt.o(.rrx_text), (6 bytes).
    Removing at32f435_437_wdt.o(i.wdt_counter_reload), (16 bytes).
    Removing at32f435_437_wdt.o(i.wdt_divider_set), (20 bytes).
    Removing at32f435_437_wdt.o(i.wdt_enable), (16 bytes).
    Removing at32f435_437_wdt.o(i.wdt_flag_get), (24 bytes).
    Removing at32f435_437_wdt.o(i.wdt_register_write_enable), (24 bytes).
    Removing at32f435_437_wdt.o(i.wdt_reload_value_set), (12 bytes).
    Removing at32f435_437_wdt.o(i.wdt_window_counter_set), (20 bytes).
    Removing at32f435_437_wwdt.o(.rev16_text), (4 bytes).
    Removing at32f435_437_wwdt.o(.revsh_text), (4 bytes).
    Removing at32f435_437_wwdt.o(.rrx_text), (6 bytes).
    Removing at32f435_437_wwdt.o(i.wwdt_counter_set), (20 bytes).
    Removing at32f435_437_wwdt.o(i.wwdt_divider_set), (20 bytes).
    Removing at32f435_437_wwdt.o(i.wwdt_enable), (16 bytes).
    Removing at32f435_437_wwdt.o(i.wwdt_flag_clear), (12 bytes).
    Removing at32f435_437_wwdt.o(i.wwdt_flag_get), (16 bytes).
    Removing at32f435_437_wwdt.o(i.wwdt_interrupt_enable), (24 bytes).
    Removing at32f435_437_wwdt.o(i.wwdt_interrupt_flag_get), (36 bytes).
    Removing at32f435_437_wwdt.o(i.wwdt_reset), (24 bytes).
    Removing at32f435_437_wwdt.o(i.wwdt_window_counter_set), (20 bytes).
    Removing at32f435_437_xmc.o(.rev16_text), (4 bytes).
    Removing at32f435_437_xmc.o(.revsh_text), (4 bytes).
    Removing at32f435_437_xmc.o(.rrx_text), (6 bytes).
    Removing at32f435_437_xmc.o(i.xmc_ecc_get), (24 bytes).
    Removing at32f435_437_xmc.o(i.xmc_ext_timing_config), (44 bytes).
    Removing at32f435_437_xmc.o(i.xmc_flag_clear), (128 bytes).
    Removing at32f435_437_xmc.o(i.xmc_flag_status_get), (64 bytes).
    Removing at32f435_437_xmc.o(i.xmc_interrupt_enable), (164 bytes).
    Removing at32f435_437_xmc.o(i.xmc_interrupt_flag_status_get), (316 bytes).
    Removing at32f435_437_xmc.o(i.xmc_nand_default_para_init), (18 bytes).
    Removing at32f435_437_xmc.o(i.xmc_nand_ecc_enable), (44 bytes).
    Removing at32f435_437_xmc.o(i.xmc_nand_enable), (44 bytes).
    Removing at32f435_437_xmc.o(i.xmc_nand_init), (56 bytes).
    Removing at32f435_437_xmc.o(i.xmc_nand_reset), (64 bytes).
    Removing at32f435_437_xmc.o(i.xmc_nand_timing_config), (80 bytes).
    Removing at32f435_437_xmc.o(i.xmc_nand_timing_default_para_init), (30 bytes).
    Removing at32f435_437_xmc.o(i.xmc_nor_sram_enable), (22 bytes).
    Removing at32f435_437_xmc.o(i.xmc_nor_sram_init), (90 bytes).
    Removing at32f435_437_xmc.o(i.xmc_nor_sram_reset), (56 bytes).
    Removing at32f435_437_xmc.o(i.xmc_nor_sram_timing_config), (124 bytes).
    Removing at32f435_437_xmc.o(i.xmc_norsram_default_para_init), (42 bytes).
    Removing at32f435_437_xmc.o(i.xmc_norsram_timing_default_para_init), (56 bytes).
    Removing at32f435_437_xmc.o(i.xmc_pccard_default_para_init), (10 bytes).
    Removing at32f435_437_xmc.o(i.xmc_pccard_enable), (24 bytes).
    Removing at32f435_437_xmc.o(i.xmc_pccard_init), (28 bytes).
    Removing at32f435_437_xmc.o(i.xmc_pccard_reset), (40 bytes).
    Removing at32f435_437_xmc.o(i.xmc_pccard_timing_config), (84 bytes).
    Removing at32f435_437_xmc.o(i.xmc_pccard_timing_default_para_init), (44 bytes).
    Removing at32f435_437_xmc.o(i.xmc_sdram_auto_refresh_set), (24 bytes).
    Removing at32f435_437_xmc.o(i.xmc_sdram_cmd), (28 bytes).
    Removing at32f435_437_xmc.o(i.xmc_sdram_default_para_init), (50 bytes).
    Removing at32f435_437_xmc.o(i.xmc_sdram_init), (608 bytes).
    Removing at32f435_437_xmc.o(i.xmc_sdram_refresh_counter_set), (24 bytes).
    Removing at32f435_437_xmc.o(i.xmc_sdram_reset), (52 bytes).
    Removing at32f435_437_xmc.o(i.xmc_sdram_status_get), (28 bytes).
    Removing system_at32f435_437.o(.rev16_text), (4 bytes).
    Removing system_at32f435_437.o(.revsh_text), (4 bytes).
    Removing system_at32f435_437.o(.rrx_text), (6 bytes).

780 unused section(s) (total 30570 bytes) removed from the image.

==============================================================================

Image Symbol Table

    Local Symbols

    Symbol Name                              Value     Ov Type        Size  Object(Section)

    ../clib/angel/boardlib.s                 0x00000000   Number         0  boardinit3.o ABSOLUTE
    ../clib/angel/boardlib.s                 0x00000000   Number         0  boardshut.o ABSOLUTE
    ../clib/angel/boardlib.s                 0x00000000   Number         0  boardinit1.o ABSOLUTE
    ../clib/angel/boardlib.s                 0x00000000   Number         0  boardinit2.o ABSOLUTE
    ../clib/angel/handlers.s                 0x00000000   Number         0  __scatter_zi.o ABSOLUTE
    ../clib/angel/handlers.s                 0x00000000   Number         0  __scatter_copy.o ABSOLUTE
    ../clib/angel/kernel.s                   0x00000000   Number         0  __rtentry4.o ABSOLUTE
    ../clib/angel/kernel.s                   0x00000000   Number         0  rtexit2.o ABSOLUTE
    ../clib/angel/kernel.s                   0x00000000   Number         0  __rtentry.o ABSOLUTE
    ../clib/angel/kernel.s                   0x00000000   Number         0  rtexit.o ABSOLUTE
    ../clib/angel/kernel.s                   0x00000000   Number         0  __rtentry2.o ABSOLUTE
    ../clib/angel/rt.s                       0x00000000   Number         0  aeabi_ldiv0.o ABSOLUTE
    ../clib/angel/rt.s                       0x00000000   Number         0  rt_div0.o ABSOLUTE
    ../clib/angel/rt.s                       0x00000000   Number         0  aeabi_ldiv0_sigfpe.o ABSOLUTE
    ../clib/angel/rt.s                       0x00000000   Number         0  rt_raise.o ABSOLUTE
    ../clib/angel/scatter.s                  0x00000000   Number         0  __scatter.o ABSOLUTE
    ../clib/angel/startup.s                  0x00000000   Number         0  __main.o ABSOLUTE
    ../clib/angel/sys.s                      0x00000000   Number         0  use_no_semi.o ABSOLUTE
    ../clib/angel/sys.s                      0x00000000   Number         0  sys_stackheap_outer.o ABSOLUTE
    ../clib/angel/sys.s                      0x00000000   Number         0  indicate_semi.o ABSOLUTE
    ../clib/angel/sys.s                      0x00000000   Number         0  libspace.o ABSOLUTE
    ../clib/angel/sysapp.c                   0x00000000   Number         0  sys_exit.o ABSOLUTE
    ../clib/angel/sysapp.c                   0x00000000   Number         0  sys_wrch.o ABSOLUTE
    ../clib/angel/sysapp.c                   0x00000000   Number         0  sys_command.o ABSOLUTE
    ../clib/armsys.c                         0x00000000   Number         0  argv_veneer.o ABSOLUTE
    ../clib/armsys.c                         0x00000000   Number         0  _get_argv_nomalloc.o ABSOLUTE
    ../clib/armsys.c                         0x00000000   Number         0  no_argv.o ABSOLUTE
    ../clib/armsys.c                         0x00000000   Number         0  argv_veneer.o ABSOLUTE
    ../clib/heapalloc.c                      0x00000000   Number         0  hrguard.o ABSOLUTE
    ../clib/heapaux.c                        0x00000000   Number         0  heapauxi.o ABSOLUTE
    ../clib/libinit.s                        0x00000000   Number         0  libinit.o ABSOLUTE
    ../clib/libinit.s                        0x00000000   Number         0  libshutdown.o ABSOLUTE
    ../clib/libinit.s                        0x00000000   Number         0  libinit2.o ABSOLUTE
    ../clib/libinit.s                        0x00000000   Number         0  libshutdown2.o ABSOLUTE
    ../clib/longlong.s                       0x00000000   Number         0  lludivv7m.o ABSOLUTE
    ../clib/signal.c                         0x00000000   Number         0  defsig_rtmem_inner.o ABSOLUTE
    ../clib/signal.c                         0x00000000   Number         0  defsig_rtred_inner.o ABSOLUTE
    ../clib/signal.c                         0x00000000   Number         0  defsig_abrt_inner.o ABSOLUTE
    ../clib/signal.c                         0x00000000   Number         0  __raise.o ABSOLUTE
    ../clib/signal.c                         0x00000000   Number         0  defsig_segv_inner.o ABSOLUTE
    ../clib/signal.c                         0x00000000   Number         0  defsig_fpe_formal.o ABSOLUTE
    ../clib/signal.c                         0x00000000   Number         0  defsig_fpe_outer.o ABSOLUTE
    ../clib/signal.c                         0x00000000   Number         0  defsig_fpe_inner.o ABSOLUTE
    ../clib/signal.c                         0x00000000   Number         0  defsig_exit.o ABSOLUTE
    ../clib/signal.c                         0x00000000   Number         0  defsig_other.o ABSOLUTE
    ../clib/signal.c                         0x00000000   Number         0  defsig_cppl_inner.o ABSOLUTE
    ../clib/signal.c                         0x00000000   Number         0  defsig_pvfn_inner.o ABSOLUTE
    ../clib/signal.c                         0x00000000   Number         0  defsig_stak_inner.o ABSOLUTE
    ../clib/signal.c                         0x00000000   Number         0  defsig_rtmem_formal.o ABSOLUTE
    ../clib/signal.c                         0x00000000   Number         0  defsig_rtmem_outer.o ABSOLUTE
    ../clib/signal.c                         0x00000000   Number         0  defsig_general.o ABSOLUTE
    ../clib/signal.s                         0x00000000   Number         0  defsig.o ABSOLUTE
    ../clib/stdlib.c                         0x00000000   Number         0  exit.o ABSOLUTE
    ../fplib/fpinit.s                        0x00000000   Number         0  fpinit.o ABSOLUTE
    ..\..\libraries\cmsis\cm4\device_support\system_at32f435_437.c 0x00000000   Number         0  system_at32f435_437.o ABSOLUTE
    ..\..\libraries\drivers\src\at32f435_437_acc.c 0x00000000   Number         0  at32f435_437_acc.o ABSOLUTE
    ..\..\libraries\drivers\src\at32f435_437_adc.c 0x00000000   Number         0  at32f435_437_adc.o ABSOLUTE
    ..\..\libraries\drivers\src\at32f435_437_can.c 0x00000000   Number         0  at32f435_437_can.o ABSOLUTE
    ..\..\libraries\drivers\src\at32f435_437_crc.c 0x00000000   Number         0  at32f435_437_crc.o ABSOLUTE
    ..\..\libraries\drivers\src\at32f435_437_crm.c 0x00000000   Number         0  at32f435_437_crm.o ABSOLUTE
    ..\..\libraries\drivers\src\at32f435_437_dac.c 0x00000000   Number         0  at32f435_437_dac.o ABSOLUTE
    ..\..\libraries\drivers\src\at32f435_437_debug.c 0x00000000   Number         0  at32f435_437_debug.o ABSOLUTE
    ..\..\libraries\drivers\src\at32f435_437_dma.c 0x00000000   Number         0  at32f435_437_dma.o ABSOLUTE
    ..\..\libraries\drivers\src\at32f435_437_dvp.c 0x00000000   Number         0  at32f435_437_dvp.o ABSOLUTE
    ..\..\libraries\drivers\src\at32f435_437_edma.c 0x00000000   Number         0  at32f435_437_edma.o ABSOLUTE
    ..\..\libraries\drivers\src\at32f435_437_emac.c 0x00000000   Number         0  at32f435_437_emac.o ABSOLUTE
    ..\..\libraries\drivers\src\at32f435_437_ertc.c 0x00000000   Number         0  at32f435_437_ertc.o ABSOLUTE
    ..\..\libraries\drivers\src\at32f435_437_exint.c 0x00000000   Number         0  at32f435_437_exint.o ABSOLUTE
    ..\..\libraries\drivers\src\at32f435_437_flash.c 0x00000000   Number         0  at32f435_437_flash.o ABSOLUTE
    ..\..\libraries\drivers\src\at32f435_437_gpio.c 0x00000000   Number         0  at32f435_437_gpio.o ABSOLUTE
    ..\..\libraries\drivers\src\at32f435_437_i2c.c 0x00000000   Number         0  at32f435_437_i2c.o ABSOLUTE
    ..\..\libraries\drivers\src\at32f435_437_misc.c 0x00000000   Number         0  at32f435_437_misc.o ABSOLUTE
    ..\..\libraries\drivers\src\at32f435_437_pwc.c 0x00000000   Number         0  at32f435_437_pwc.o ABSOLUTE
    ..\..\libraries\drivers\src\at32f435_437_qspi.c 0x00000000   Number         0  at32f435_437_qspi.o ABSOLUTE
    ..\..\libraries\drivers\src\at32f435_437_scfg.c 0x00000000   Number         0  at32f435_437_scfg.o ABSOLUTE
    ..\..\libraries\drivers\src\at32f435_437_sdio.c 0x00000000   Number         0  at32f435_437_sdio.o ABSOLUTE
    ..\..\libraries\drivers\src\at32f435_437_spi.c 0x00000000   Number         0  at32f435_437_spi.o ABSOLUTE
    ..\..\libraries\drivers\src\at32f435_437_tmr.c 0x00000000   Number         0  at32f435_437_tmr.o ABSOLUTE
    ..\..\libraries\drivers\src\at32f435_437_usart.c 0x00000000   Number         0  at32f435_437_usart.o ABSOLUTE
    ..\..\libraries\drivers\src\at32f435_437_usb.c 0x00000000   Number         0  at32f435_437_usb.o ABSOLUTE
    ..\..\libraries\drivers\src\at32f435_437_wdt.c 0x00000000   Number         0  at32f435_437_wdt.o ABSOLUTE
    ..\..\libraries\drivers\src\at32f435_437_wwdt.c 0x00000000   Number         0  at32f435_437_wwdt.o ABSOLUTE
    ..\..\libraries\drivers\src\at32f435_437_xmc.c 0x00000000   Number         0  at32f435_437_xmc.o ABSOLUTE
    ..\\..\\libraries\\cmsis\\cm4\\device_support\\system_at32f435_437.c 0x00000000   Number         0  system_at32f435_437.o ABSOLUTE
    ..\\..\\libraries\\drivers\\src\\at32f435_437_acc.c 0x00000000   Number         0  at32f435_437_acc.o ABSOLUTE
    ..\\..\\libraries\\drivers\\src\\at32f435_437_adc.c 0x00000000   Number         0  at32f435_437_adc.o ABSOLUTE
    ..\\..\\libraries\\drivers\\src\\at32f435_437_can.c 0x00000000   Number         0  at32f435_437_can.o ABSOLUTE
    ..\\..\\libraries\\drivers\\src\\at32f435_437_crc.c 0x00000000   Number         0  at32f435_437_crc.o ABSOLUTE
    ..\\..\\libraries\\drivers\\src\\at32f435_437_crm.c 0x00000000   Number         0  at32f435_437_crm.o ABSOLUTE
    ..\\..\\libraries\\drivers\\src\\at32f435_437_dac.c 0x00000000   Number         0  at32f435_437_dac.o ABSOLUTE
    ..\\..\\libraries\\drivers\\src\\at32f435_437_debug.c 0x00000000   Number         0  at32f435_437_debug.o ABSOLUTE
    ..\\..\\libraries\\drivers\\src\\at32f435_437_dma.c 0x00000000   Number         0  at32f435_437_dma.o ABSOLUTE
    ..\\..\\libraries\\drivers\\src\\at32f435_437_dvp.c 0x00000000   Number         0  at32f435_437_dvp.o ABSOLUTE
    ..\\..\\libraries\\drivers\\src\\at32f435_437_edma.c 0x00000000   Number         0  at32f435_437_edma.o ABSOLUTE
    ..\\..\\libraries\\drivers\\src\\at32f435_437_emac.c 0x00000000   Number         0  at32f435_437_emac.o ABSOLUTE
    ..\\..\\libraries\\drivers\\src\\at32f435_437_ertc.c 0x00000000   Number         0  at32f435_437_ertc.o ABSOLUTE
    ..\\..\\libraries\\drivers\\src\\at32f435_437_exint.c 0x00000000   Number         0  at32f435_437_exint.o ABSOLUTE
    ..\\..\\libraries\\drivers\\src\\at32f435_437_flash.c 0x00000000   Number         0  at32f435_437_flash.o ABSOLUTE
    ..\\..\\libraries\\drivers\\src\\at32f435_437_gpio.c 0x00000000   Number         0  at32f435_437_gpio.o ABSOLUTE
    ..\\..\\libraries\\drivers\\src\\at32f435_437_i2c.c 0x00000000   Number         0  at32f435_437_i2c.o ABSOLUTE
    ..\\..\\libraries\\drivers\\src\\at32f435_437_misc.c 0x00000000   Number         0  at32f435_437_misc.o ABSOLUTE
    ..\\..\\libraries\\drivers\\src\\at32f435_437_pwc.c 0x00000000   Number         0  at32f435_437_pwc.o ABSOLUTE
    ..\\..\\libraries\\drivers\\src\\at32f435_437_qspi.c 0x00000000   Number         0  at32f435_437_qspi.o ABSOLUTE
    ..\\..\\libraries\\drivers\\src\\at32f435_437_scfg.c 0x00000000   Number         0  at32f435_437_scfg.o ABSOLUTE
    ..\\..\\libraries\\drivers\\src\\at32f435_437_sdio.c 0x00000000   Number         0  at32f435_437_sdio.o ABSOLUTE
    ..\\..\\libraries\\drivers\\src\\at32f435_437_spi.c 0x00000000   Number         0  at32f435_437_spi.o ABSOLUTE
    ..\\..\\libraries\\drivers\\src\\at32f435_437_tmr.c 0x00000000   Number         0  at32f435_437_tmr.o ABSOLUTE
    ..\\..\\libraries\\drivers\\src\\at32f435_437_usart.c 0x00000000   Number         0  at32f435_437_usart.o ABSOLUTE
    ..\\..\\libraries\\drivers\\src\\at32f435_437_usb.c 0x00000000   Number         0  at32f435_437_usb.o ABSOLUTE
    ..\\..\\libraries\\drivers\\src\\at32f435_437_wdt.c 0x00000000   Number         0  at32f435_437_wdt.o ABSOLUTE
    ..\\..\\libraries\\drivers\\src\\at32f435_437_wwdt.c 0x00000000   Number         0  at32f435_437_wwdt.o ABSOLUTE
    ..\\..\\libraries\\drivers\\src\\at32f435_437_xmc.c 0x00000000   Number         0  at32f435_437_xmc.o ABSOLUTE
    ..\\src\\at32f435_437_int.c              0x00000000   Number         0  at32f435_437_int.o ABSOLUTE
    ..\\src\\at32f435_437_wk_config.c        0x00000000   Number         0  at32f435_437_wk_config.o ABSOLUTE
    ..\\src\\main.c                          0x00000000   Number         0  main.o ABSOLUTE
    ..\\src\\wk_exint.c                      0x00000000   Number         0  wk_exint.o ABSOLUTE
    ..\\src\\wk_gpio.c                       0x00000000   Number         0  wk_gpio.o ABSOLUTE
    ..\\src\\wk_spi.c                        0x00000000   Number         0  wk_spi.o ABSOLUTE
    ..\\src\\wk_system.c                     0x00000000   Number         0  wk_system.o ABSOLUTE
    ..\\src\\wk_tmr.c                        0x00000000   Number         0  wk_tmr.o ABSOLUTE
    ..\src\at32f435_437_int.c                0x00000000   Number         0  at32f435_437_int.o ABSOLUTE
    ..\src\at32f435_437_wk_config.c          0x00000000   Number         0  at32f435_437_wk_config.o ABSOLUTE
    ..\src\main.c                            0x00000000   Number         0  main.o ABSOLUTE
    ..\src\wk_exint.c                        0x00000000   Number         0  wk_exint.o ABSOLUTE
    ..\src\wk_gpio.c                         0x00000000   Number         0  wk_gpio.o ABSOLUTE
    ..\src\wk_spi.c                          0x00000000   Number         0  wk_spi.o ABSOLUTE
    ..\src\wk_system.c                       0x00000000   Number         0  wk_system.o ABSOLUTE
    ..\src\wk_tmr.c                          0x00000000   Number         0  wk_tmr.o ABSOLUTE
    dc.s                                     0x00000000   Number         0  dc.o ABSOLUTE
    startup_at32f435_437.s                   0x00000000   Number         0  startup_at32f435_437.o ABSOLUTE
    RESET                                    0x08000000   Section      524  startup_at32f435_437.o(RESET)
    !!!main                                  0x0800020c   Section        8  __main.o(!!!main)
    !!!scatter                               0x08000214   Section       52  __scatter.o(!!!scatter)
    !!handler_copy                           0x08000248   Section       26  __scatter_copy.o(!!handler_copy)
    !!handler_zi                             0x08000264   Section       28  __scatter_zi.o(!!handler_zi)
    .ARM.Collect$$libinit$$00000000          0x08000280   Section        2  libinit.o(.ARM.Collect$$libinit$$00000000)
    .ARM.Collect$$libinit$$00000001          0x08000282   Section        4  libinit2.o(.ARM.Collect$$libinit$$00000001)
    .ARM.Collect$$libinit$$00000004          0x08000286   Section        0  libinit2.o(.ARM.Collect$$libinit$$00000004)
    .ARM.Collect$$libinit$$0000000A          0x08000286   Section        0  libinit2.o(.ARM.Collect$$libinit$$0000000A)
    .ARM.Collect$$libinit$$0000000C          0x08000286   Section        0  libinit2.o(.ARM.Collect$$libinit$$0000000C)
    .ARM.Collect$$libinit$$0000000E          0x08000286   Section        0  libinit2.o(.ARM.Collect$$libinit$$0000000E)
    .ARM.Collect$$libinit$$00000011          0x08000286   Section        0  libinit2.o(.ARM.Collect$$libinit$$00000011)
    .ARM.Collect$$libinit$$00000013          0x08000286   Section        0  libinit2.o(.ARM.Collect$$libinit$$00000013)
    .ARM.Collect$$libinit$$00000015          0x08000286   Section        0  libinit2.o(.ARM.Collect$$libinit$$00000015)
    .ARM.Collect$$libinit$$00000017          0x08000286   Section        0  libinit2.o(.ARM.Collect$$libinit$$00000017)
    .ARM.Collect$$libinit$$00000019          0x08000286   Section        0  libinit2.o(.ARM.Collect$$libinit$$00000019)
    .ARM.Collect$$libinit$$0000001B          0x08000286   Section        0  libinit2.o(.ARM.Collect$$libinit$$0000001B)
    .ARM.Collect$$libinit$$0000001D          0x08000286   Section        0  libinit2.o(.ARM.Collect$$libinit$$0000001D)
    .ARM.Collect$$libinit$$0000001F          0x08000286   Section        0  libinit2.o(.ARM.Collect$$libinit$$0000001F)
    .ARM.Collect$$libinit$$00000021          0x08000286   Section        0  libinit2.o(.ARM.Collect$$libinit$$00000021)
    .ARM.Collect$$libinit$$00000023          0x08000286   Section        0  libinit2.o(.ARM.Collect$$libinit$$00000023)
    .ARM.Collect$$libinit$$00000025          0x08000286   Section        0  libinit2.o(.ARM.Collect$$libinit$$00000025)
    .ARM.Collect$$libinit$$0000002C          0x08000286   Section        0  libinit2.o(.ARM.Collect$$libinit$$0000002C)
    .ARM.Collect$$libinit$$0000002E          0x08000286   Section        0  libinit2.o(.ARM.Collect$$libinit$$0000002E)
    .ARM.Collect$$libinit$$00000030          0x08000286   Section        0  libinit2.o(.ARM.Collect$$libinit$$00000030)
    .ARM.Collect$$libinit$$00000032          0x08000286   Section        0  libinit2.o(.ARM.Collect$$libinit$$00000032)
    .ARM.Collect$$libinit$$00000033          0x08000286   Section        2  libinit2.o(.ARM.Collect$$libinit$$00000033)
    .ARM.Collect$$libshutdown$$00000000      0x08000288   Section        2  libshutdown.o(.ARM.Collect$$libshutdown$$00000000)
    .ARM.Collect$$libshutdown$$00000002      0x0800028a   Section        0  libshutdown2.o(.ARM.Collect$$libshutdown$$00000002)
    .ARM.Collect$$libshutdown$$00000004      0x0800028a   Section        0  libshutdown2.o(.ARM.Collect$$libshutdown$$00000004)
    .ARM.Collect$$libshutdown$$00000007      0x0800028a   Section        0  libshutdown2.o(.ARM.Collect$$libshutdown$$00000007)
    .ARM.Collect$$libshutdown$$0000000A      0x0800028a   Section        0  libshutdown2.o(.ARM.Collect$$libshutdown$$0000000A)
    .ARM.Collect$$libshutdown$$0000000C      0x0800028a   Section        0  libshutdown2.o(.ARM.Collect$$libshutdown$$0000000C)
    .ARM.Collect$$libshutdown$$0000000F      0x0800028a   Section        0  libshutdown2.o(.ARM.Collect$$libshutdown$$0000000F)
    .ARM.Collect$$libshutdown$$00000010      0x0800028a   Section        2  libshutdown2.o(.ARM.Collect$$libshutdown$$00000010)
    .ARM.Collect$$rtentry$$00000000          0x0800028c   Section        0  __rtentry.o(.ARM.Collect$$rtentry$$00000000)
    .ARM.Collect$$rtentry$$00000002          0x0800028c   Section        0  __rtentry2.o(.ARM.Collect$$rtentry$$00000002)
    .ARM.Collect$$rtentry$$00000004          0x0800028c   Section        6  __rtentry4.o(.ARM.Collect$$rtentry$$00000004)
    .ARM.Collect$$rtentry$$00000009          0x08000292   Section        0  __rtentry2.o(.ARM.Collect$$rtentry$$00000009)
    .ARM.Collect$$rtentry$$0000000A          0x08000292   Section        4  __rtentry2.o(.ARM.Collect$$rtentry$$0000000A)
    .ARM.Collect$$rtentry$$0000000C          0x08000296   Section        0  __rtentry2.o(.ARM.Collect$$rtentry$$0000000C)
    .ARM.Collect$$rtentry$$0000000D          0x08000296   Section        8  __rtentry2.o(.ARM.Collect$$rtentry$$0000000D)
    .ARM.Collect$$rtexit$$00000000           0x0800029e   Section        2  rtexit.o(.ARM.Collect$$rtexit$$00000000)
    .ARM.Collect$$rtexit$$00000002           0x080002a0   Section        0  rtexit2.o(.ARM.Collect$$rtexit$$00000002)
    .ARM.Collect$$rtexit$$00000003           0x080002a0   Section        4  rtexit2.o(.ARM.Collect$$rtexit$$00000003)
    .ARM.Collect$$rtexit$$00000004           0x080002a4   Section        6  rtexit2.o(.ARM.Collect$$rtexit$$00000004)
    .text                                    0x080002ac   Section       64  startup_at32f435_437.o(.text)
    $v0                                      0x080002ac   Number         0  startup_at32f435_437.o(.text)
    .text                                    0x080002ec   Section      238  lludivv7m.o(.text)
    .text                                    0x080003da   Section        0  heapauxi.o(.text)
    .text                                    0x080003e0   Section       74  sys_stackheap_outer.o(.text)
    .text                                    0x0800042a   Section        0  exit.o(.text)
    .text                                    0x0800043c   Section        8  libspace.o(.text)
    .text                                    0x08000444   Section        0  sys_exit.o(.text)
    .text                                    0x08000450   Section        2  use_no_semi.o(.text)
    .text                                    0x08000452   Section        0  indicate_semi.o(.text)
    i.BusFault_Handler                       0x08000452   Section        0  at32f435_437_int.o(i.BusFault_Handler)
    i.DebugMon_Handler                       0x08000456   Section        0  at32f435_437_int.o(i.DebugMon_Handler)
    i.EXINT0_IRQHandler                      0x08000458   Section        0  at32f435_437_int.o(i.EXINT0_IRQHandler)
    i.EXINT1_IRQHandler                      0x0800046a   Section        0  at32f435_437_int.o(i.EXINT1_IRQHandler)
    i.EXINT9_5_IRQHandler                    0x0800047c   Section        0  at32f435_437_int.o(i.EXINT9_5_IRQHandler)
    i.HardFault_Handler                      0x0800048e   Section        0  at32f435_437_int.o(i.HardFault_Handler)
    i.MemManage_Handler                      0x08000492   Section        0  at32f435_437_int.o(i.MemManage_Handler)
    i.NMI_Handler                            0x08000496   Section        0  at32f435_437_int.o(i.NMI_Handler)
    i.NVIC_EncodePriority                    0x08000498   Section        0  at32f435_437_wk_config.o(i.NVIC_EncodePriority)
    NVIC_EncodePriority                      0x08000499   Thumb Code    64  at32f435_437_wk_config.o(i.NVIC_EncodePriority)
    i.PendSV_Handler                         0x080004d8   Section        0  at32f435_437_int.o(i.PendSV_Handler)
    i.SVC_Handler                            0x080004da   Section        0  at32f435_437_int.o(i.SVC_Handler)
    i.SysTick_Handler                        0x080004dc   Section        0  at32f435_437_int.o(i.SysTick_Handler)
    i.SystemInit                             0x080004e0   Section        0  system_at32f435_437.o(i.SystemInit)
    i.TMR7_GLOBAL_IRQHandler                 0x08000570   Section        0  at32f435_437_int.o(i.TMR7_GLOBAL_IRQHandler)
    i.UsageFault_Handler                     0x0800058c   Section        0  at32f435_437_int.o(i.UsageFault_Handler)
    i.__NVIC_GetPriorityGrouping             0x08000590   Section        0  at32f435_437_wk_config.o(i.__NVIC_GetPriorityGrouping)
    __NVIC_GetPriorityGrouping               0x08000591   Thumb Code    10  at32f435_437_wk_config.o(i.__NVIC_GetPriorityGrouping)
    i.__NVIC_SetPriority                     0x080005a0   Section        0  at32f435_437_wk_config.o(i.__NVIC_SetPriority)
    __NVIC_SetPriority                       0x080005a1   Thumb Code    32  at32f435_437_wk_config.o(i.__NVIC_SetPriority)
    i.crm_ahb_div_set                        0x080005c8   Section        0  at32f435_437_crm.o(i.crm_ahb_div_set)
    i.crm_apb1_div_set                       0x080005dc   Section        0  at32f435_437_crm.o(i.crm_apb1_div_set)
    i.crm_apb2_div_set                       0x080005f0   Section        0  at32f435_437_crm.o(i.crm_apb2_div_set)
    i.crm_auto_step_mode_enable              0x08000604   Section        0  at32f435_437_crm.o(i.crm_auto_step_mode_enable)
    i.crm_clock_source_enable                0x0800062c   Section        0  at32f435_437_crm.o(i.crm_clock_source_enable)
    i.crm_clocks_freq_get                    0x08000694   Section        0  at32f435_437_crm.o(i.crm_clocks_freq_get)
    i.crm_flag_get                           0x080007a4   Section        0  at32f435_437_crm.o(i.crm_flag_get)
    i.crm_periph_clock_enable                0x080007d4   Section        0  at32f435_437_crm.o(i.crm_periph_clock_enable)
    i.crm_pll_config                         0x08000820   Section        0  at32f435_437_crm.o(i.crm_pll_config)
    i.crm_reset                              0x08000868   Section        0  at32f435_437_crm.o(i.crm_reset)
    i.crm_sysclk_switch                      0x080008e0   Section        0  at32f435_437_crm.o(i.crm_sysclk_switch)
    i.crm_sysclk_switch_status_get           0x0800091c   Section        0  at32f435_437_crm.o(i.crm_sysclk_switch_status_get)
    i.exint_default_para_init                0x0800092c   Section        0  at32f435_437_exint.o(i.exint_default_para_init)
    i.exint_flag_clear                       0x0800093c   Section        0  at32f435_437_exint.o(i.exint_flag_clear)
    i.exint_init                             0x08000948   Section        0  at32f435_437_exint.o(i.exint_init)
    i.exint_interrupt_flag_get               0x080009e0   Section        0  at32f435_437_exint.o(i.exint_interrupt_flag_get)
    i.gpio_bits_set                          0x08000a04   Section        0  at32f435_437_gpio.o(i.gpio_bits_set)
    i.gpio_default_para_init                 0x08000a08   Section        0  at32f435_437_gpio.o(i.gpio_default_para_init)
    i.gpio_init                              0x08000a1c   Section        0  at32f435_437_gpio.o(i.gpio_init)
    i.gpio_pin_mux_config                    0x08000a96   Section        0  at32f435_437_gpio.o(i.gpio_pin_mux_config)
    i.main                                   0x08000ad8   Section        0  main.o(i.main)
    i.nvic_irq_enable                        0x08000afc   Section        0  at32f435_437_misc.o(i.nvic_irq_enable)
    i.nvic_priority_group_config             0x08000bc4   Section        0  at32f435_437_misc.o(i.nvic_priority_group_config)
    i.scfg_exint_line_config                 0x08000bec   Section        0  at32f435_437_scfg.o(i.scfg_exint_line_config)
    i.spi_default_para_init                  0x08000ca0   Section        0  at32f435_437_spi.o(i.spi_default_para_init)
    i.spi_enable                             0x08000cb6   Section        0  at32f435_437_spi.o(i.spi_enable)
    i.spi_init                               0x08000cc0   Section        0  at32f435_437_spi.o(i.spi_init)
    i.system_core_clock_update               0x08000e18   Section        0  system_at32f435_437.o(i.system_core_clock_update)
    i.systick_clock_source_config            0x08000f08   Section        0  at32f435_437_misc.o(i.systick_clock_source_config)
    i.tmr_base_init                          0x08000f30   Section        0  at32f435_437_tmr.o(i.tmr_base_init)
    i.tmr_cnt_dir_set                        0x08000f40   Section        0  at32f435_437_tmr.o(i.tmr_cnt_dir_set)
    i.tmr_counter_enable                     0x08000f4a   Section        0  at32f435_437_tmr.o(i.tmr_counter_enable)
    i.tmr_flag_clear                         0x08000f54   Section        0  at32f435_437_tmr.o(i.tmr_flag_clear)
    i.tmr_interrupt_enable                   0x08000f5a   Section        0  at32f435_437_tmr.o(i.tmr_interrupt_enable)
    i.tmr_interrupt_flag_get                 0x08000f70   Section        0  at32f435_437_tmr.o(i.tmr_interrupt_flag_get)
    i.tmr_period_buffer_enable               0x08000f88   Section        0  at32f435_437_tmr.o(i.tmr_period_buffer_enable)
    i.tmr_primary_mode_select                0x08000f92   Section        0  at32f435_437_tmr.o(i.tmr_primary_mode_select)
    i.wk_exint_config                        0x08000f9c   Section        0  wk_exint.o(i.wk_exint_config)
    i.wk_gpio_config                         0x0800107c   Section        0  wk_gpio.o(i.wk_gpio_config)
    i.wk_nvic_config                         0x080010e4   Section        0  at32f435_437_wk_config.o(i.wk_nvic_config)
    i.wk_periph_clock_config                 0x080011cc   Section        0  at32f435_437_wk_config.o(i.wk_periph_clock_config)
    i.wk_spi2_init                           0x08001208   Section        0  wk_spi.o(i.wk_spi2_init)
    i.wk_system_clock_config                 0x080012e8   Section        0  at32f435_437_wk_config.o(i.wk_system_clock_config)
    i.wk_timebase_init                       0x080013a0   Section        0  wk_system.o(i.wk_timebase_init)
    i.wk_tmr7_init                           0x080013e0   Section        0  wk_tmr.o(i.wk_tmr7_init)
    x$fpl$fpinit                             0x08001420   Section       10  fpinit.o(x$fpl$fpinit)
    $v0                                      0x08001420   Number         0  fpinit.o(x$fpl$fpinit)
    .constdata                               0x0800142a   Section       38  at32f435_437_crm.o(.constdata)
    sclk_ahb_div_table                       0x0800142a   Data          16  at32f435_437_crm.o(.constdata)
    ahb_apb1_div_table                       0x0800143a   Data           8  at32f435_437_crm.o(.constdata)
    ahb_apb2_div_table                       0x08001442   Data           8  at32f435_437_crm.o(.constdata)
    pll_fr_table                             0x0800144a   Data           6  at32f435_437_crm.o(.constdata)
    .constdata                               0x08001450   Section       22  system_at32f435_437.o(.constdata)
    sys_ahb_div_table                        0x08001450   Data          16  system_at32f435_437.o(.constdata)
    pll_fr_table                             0x08001460   Data           6  system_at32f435_437.o(.constdata)
    .data                                    0x20000000   Section        4  wk_system.o(.data)
    .data                                    0x20000004   Section        4  system_at32f435_437.o(.data)
    .bss                                     0x20000008   Section       96  libspace.o(.bss)
    HEAP                                     0x20000068   Section     1024  startup_at32f435_437.o(HEAP)
    Heap_Mem                                 0x20000068   Data        1024  startup_at32f435_437.o(HEAP)
    STACK                                    0x20000468   Section     2048  startup_at32f435_437.o(STACK)
    Stack_Mem                                0x20000468   Data        2048  startup_at32f435_437.o(STACK)
    __initial_sp                             0x20000c68   Data           0  startup_at32f435_437.o(STACK)

    Global Symbols

    Symbol Name                              Value     Ov Type        Size  Object(Section)

    BuildAttributes$$THM_ISAv4$E$P$D$K$B$S$7EM$VFPi3$EXTD16$VFPS$VFMA$PE$A:L22UL41UL21$X:L11$S22US41US21$IEEE1$IW$USESV6$~STKCKD$USESV7$~SHL$OSPACE$ROPI$EBA8$UX$STANDARDLIB$REQ8$PRES8$EABIv2 0x00000000   Number         0  anon$$obj.o ABSOLUTE
    __ARM_use_no_argv                        0x00000000   Number         0  main.o ABSOLUTE
    __ARM_exceptions_init                     - Undefined Weak Reference
    __alloca_initialize                       - Undefined Weak Reference
    __arm_preinit_                            - Undefined Weak Reference
    __cpp_initialize__aeabi_                  - Undefined Weak Reference
    __cxa_finalize                            - Undefined Weak Reference
    __rt_locale                               - Undefined Weak Reference
    __sigvec_lookup                           - Undefined Weak Reference
    _atexit_init                              - Undefined Weak Reference
    _call_atexit_fns                          - Undefined Weak Reference
    _clock_init                               - Undefined Weak Reference
    _fp_trap_init                             - Undefined Weak Reference
    _fp_trap_shutdown                         - Undefined Weak Reference
    _get_lc_collate                           - Undefined Weak Reference
    _get_lc_ctype                             - Undefined Weak Reference
    _get_lc_monetary                          - Undefined Weak Reference
    _get_lc_numeric                           - Undefined Weak Reference
    _get_lc_time                              - Undefined Weak Reference
    _getenv_init                              - Undefined Weak Reference
    _handle_redirection                       - Undefined Weak Reference
    _init_alloc                               - Undefined Weak Reference
    _init_user_alloc                          - Undefined Weak Reference
    _initio                                   - Undefined Weak Reference
    _rand_init                                - Undefined Weak Reference
    _signal_finish                            - Undefined Weak Reference
    _signal_init                              - Undefined Weak Reference
    _terminate_alloc                          - Undefined Weak Reference
    _terminate_user_alloc                     - Undefined Weak Reference
    _terminateio                              - Undefined Weak Reference
    __Vectors_Size                           0x0000020c   Number         0  startup_at32f435_437.o ABSOLUTE
    __Vectors                                0x08000000   Data           4  startup_at32f435_437.o(RESET)
    __Vectors_End                            0x0800020c   Data           0  startup_at32f435_437.o(RESET)
    __main                                   0x0800020d   Thumb Code     8  __main.o(!!!main)
    __scatterload                            0x08000215   Thumb Code     0  __scatter.o(!!!scatter)
    __scatterload_rt2                        0x08000215   Thumb Code    44  __scatter.o(!!!scatter)
    __scatterload_rt2_thumb_only             0x08000215   Thumb Code     0  __scatter.o(!!!scatter)
    __scatterload_null                       0x08000223   Thumb Code     0  __scatter.o(!!!scatter)
    __scatterload_copy                       0x08000249   Thumb Code    26  __scatter_copy.o(!!handler_copy)
    __scatterload_zeroinit                   0x08000265   Thumb Code    28  __scatter_zi.o(!!handler_zi)
    __rt_lib_init                            0x08000281   Thumb Code     0  libinit.o(.ARM.Collect$$libinit$$00000000)
    __rt_lib_init_fp_1                       0x08000283   Thumb Code     0  libinit2.o(.ARM.Collect$$libinit$$00000001)
    __rt_lib_init_alloca_1                   0x08000287   Thumb Code     0  libinit2.o(.ARM.Collect$$libinit$$0000002E)
    __rt_lib_init_argv_1                     0x08000287   Thumb Code     0  libinit2.o(.ARM.Collect$$libinit$$0000002C)
    __rt_lib_init_atexit_1                   0x08000287   Thumb Code     0  libinit2.o(.ARM.Collect$$libinit$$0000001B)
    __rt_lib_init_clock_1                    0x08000287   Thumb Code     0  libinit2.o(.ARM.Collect$$libinit$$00000021)
    __rt_lib_init_cpp_1                      0x08000287   Thumb Code     0  libinit2.o(.ARM.Collect$$libinit$$00000032)
    __rt_lib_init_exceptions_1               0x08000287   Thumb Code     0  libinit2.o(.ARM.Collect$$libinit$$00000030)
    __rt_lib_init_fp_trap_1                  0x08000287   Thumb Code     0  libinit2.o(.ARM.Collect$$libinit$$0000001F)
    __rt_lib_init_getenv_1                   0x08000287   Thumb Code     0  libinit2.o(.ARM.Collect$$libinit$$00000023)
    __rt_lib_init_heap_1                     0x08000287   Thumb Code     0  libinit2.o(.ARM.Collect$$libinit$$0000000A)
    __rt_lib_init_lc_collate_1               0x08000287   Thumb Code     0  libinit2.o(.ARM.Collect$$libinit$$00000011)
    __rt_lib_init_lc_ctype_1                 0x08000287   Thumb Code     0  libinit2.o(.ARM.Collect$$libinit$$00000013)
    __rt_lib_init_lc_monetary_1              0x08000287   Thumb Code     0  libinit2.o(.ARM.Collect$$libinit$$00000015)
    __rt_lib_init_lc_numeric_1               0x08000287   Thumb Code     0  libinit2.o(.ARM.Collect$$libinit$$00000017)
    __rt_lib_init_lc_time_1                  0x08000287   Thumb Code     0  libinit2.o(.ARM.Collect$$libinit$$00000019)
    __rt_lib_init_preinit_1                  0x08000287   Thumb Code     0  libinit2.o(.ARM.Collect$$libinit$$00000004)
    __rt_lib_init_rand_1                     0x08000287   Thumb Code     0  libinit2.o(.ARM.Collect$$libinit$$0000000E)
    __rt_lib_init_return                     0x08000287   Thumb Code     0  libinit2.o(.ARM.Collect$$libinit$$00000033)
    __rt_lib_init_signal_1                   0x08000287   Thumb Code     0  libinit2.o(.ARM.Collect$$libinit$$0000001D)
    __rt_lib_init_stdio_1                    0x08000287   Thumb Code     0  libinit2.o(.ARM.Collect$$libinit$$00000025)
    __rt_lib_init_user_alloc_1               0x08000287   Thumb Code     0  libinit2.o(.ARM.Collect$$libinit$$0000000C)
    __rt_lib_shutdown                        0x08000289   Thumb Code     0  libshutdown.o(.ARM.Collect$$libshutdown$$00000000)
    __rt_lib_shutdown_cpp_1                  0x0800028b   Thumb Code     0  libshutdown2.o(.ARM.Collect$$libshutdown$$00000002)
    __rt_lib_shutdown_fp_trap_1              0x0800028b   Thumb Code     0  libshutdown2.o(.ARM.Collect$$libshutdown$$00000007)
    __rt_lib_shutdown_heap_1                 0x0800028b   Thumb Code     0  libshutdown2.o(.ARM.Collect$$libshutdown$$0000000F)
    __rt_lib_shutdown_return                 0x0800028b   Thumb Code     0  libshutdown2.o(.ARM.Collect$$libshutdown$$00000010)
    __rt_lib_shutdown_signal_1               0x0800028b   Thumb Code     0  libshutdown2.o(.ARM.Collect$$libshutdown$$0000000A)
    __rt_lib_shutdown_stdio_1                0x0800028b   Thumb Code     0  libshutdown2.o(.ARM.Collect$$libshutdown$$00000004)
    __rt_lib_shutdown_user_alloc_1           0x0800028b   Thumb Code     0  libshutdown2.o(.ARM.Collect$$libshutdown$$0000000C)
    __rt_entry                               0x0800028d   Thumb Code     0  __rtentry.o(.ARM.Collect$$rtentry$$00000000)
    __rt_entry_presh_1                       0x0800028d   Thumb Code     0  __rtentry2.o(.ARM.Collect$$rtentry$$00000002)
    __rt_entry_sh                            0x0800028d   Thumb Code     0  __rtentry4.o(.ARM.Collect$$rtentry$$00000004)
    __rt_entry_li                            0x08000293   Thumb Code     0  __rtentry2.o(.ARM.Collect$$rtentry$$0000000A)
    __rt_entry_postsh_1                      0x08000293   Thumb Code     0  __rtentry2.o(.ARM.Collect$$rtentry$$00000009)
    __rt_entry_main                          0x08000297   Thumb Code     0  __rtentry2.o(.ARM.Collect$$rtentry$$0000000D)
    __rt_entry_postli_1                      0x08000297   Thumb Code     0  __rtentry2.o(.ARM.Collect$$rtentry$$0000000C)
    __rt_exit                                0x0800029f   Thumb Code     0  rtexit.o(.ARM.Collect$$rtexit$$00000000)
    __rt_exit_ls                             0x080002a1   Thumb Code     0  rtexit2.o(.ARM.Collect$$rtexit$$00000003)
    __rt_exit_prels_1                        0x080002a1   Thumb Code     0  rtexit2.o(.ARM.Collect$$rtexit$$00000002)
    __rt_exit_exit                           0x080002a5   Thumb Code     0  rtexit2.o(.ARM.Collect$$rtexit$$00000004)
    Reset_Handler                            0x080002ad   Thumb Code     8  startup_at32f435_437.o(.text)
    ACC_IRQHandler                           0x080002c7   Thumb Code     0  startup_at32f435_437.o(.text)
    ADC1_2_3_IRQHandler                      0x080002c7   Thumb Code     0  startup_at32f435_437.o(.text)
    CAN1_RX0_IRQHandler                      0x080002c7   Thumb Code     0  startup_at32f435_437.o(.text)
    CAN1_RX1_IRQHandler                      0x080002c7   Thumb Code     0  startup_at32f435_437.o(.text)
    CAN1_SE_IRQHandler                       0x080002c7   Thumb Code     0  startup_at32f435_437.o(.text)
    CAN1_TX_IRQHandler                       0x080002c7   Thumb Code     0  startup_at32f435_437.o(.text)
    CAN2_RX0_IRQHandler                      0x080002c7   Thumb Code     0  startup_at32f435_437.o(.text)
    CAN2_RX1_IRQHandler                      0x080002c7   Thumb Code     0  startup_at32f435_437.o(.text)
    CAN2_SE_IRQHandler                       0x080002c7   Thumb Code     0  startup_at32f435_437.o(.text)
    CAN2_TX_IRQHandler                       0x080002c7   Thumb Code     0  startup_at32f435_437.o(.text)
    CRM_IRQHandler                           0x080002c7   Thumb Code     0  startup_at32f435_437.o(.text)
    DMA1_Channel1_IRQHandler                 0x080002c7   Thumb Code     0  startup_at32f435_437.o(.text)
    DMA1_Channel2_IRQHandler                 0x080002c7   Thumb Code     0  startup_at32f435_437.o(.text)
    DMA1_Channel3_IRQHandler                 0x080002c7   Thumb Code     0  startup_at32f435_437.o(.text)
    DMA1_Channel4_IRQHandler                 0x080002c7   Thumb Code     0  startup_at32f435_437.o(.text)
    DMA1_Channel5_IRQHandler                 0x080002c7   Thumb Code     0  startup_at32f435_437.o(.text)
    DMA1_Channel6_IRQHandler                 0x080002c7   Thumb Code     0  startup_at32f435_437.o(.text)
    DMA1_Channel7_IRQHandler                 0x080002c7   Thumb Code     0  startup_at32f435_437.o(.text)
    DMA2_Channel1_IRQHandler                 0x080002c7   Thumb Code     0  startup_at32f435_437.o(.text)
    DMA2_Channel2_IRQHandler                 0x080002c7   Thumb Code     0  startup_at32f435_437.o(.text)
    DMA2_Channel3_IRQHandler                 0x080002c7   Thumb Code     0  startup_at32f435_437.o(.text)
    DMA2_Channel4_IRQHandler                 0x080002c7   Thumb Code     0  startup_at32f435_437.o(.text)
    DMA2_Channel5_IRQHandler                 0x080002c7   Thumb Code     0  startup_at32f435_437.o(.text)
    DMA2_Channel6_IRQHandler                 0x080002c7   Thumb Code     0  startup_at32f435_437.o(.text)
    DMA2_Channel7_IRQHandler                 0x080002c7   Thumb Code     0  startup_at32f435_437.o(.text)
    DMAMUX_IRQHandler                        0x080002c7   Thumb Code     0  startup_at32f435_437.o(.text)
    DVP_IRQHandler                           0x080002c7   Thumb Code     0  startup_at32f435_437.o(.text)
    EDMA_Stream1_IRQHandler                  0x080002c7   Thumb Code     0  startup_at32f435_437.o(.text)
    EDMA_Stream2_IRQHandler                  0x080002c7   Thumb Code     0  startup_at32f435_437.o(.text)
    EDMA_Stream3_IRQHandler                  0x080002c7   Thumb Code     0  startup_at32f435_437.o(.text)
    EDMA_Stream4_IRQHandler                  0x080002c7   Thumb Code     0  startup_at32f435_437.o(.text)
    EDMA_Stream5_IRQHandler                  0x080002c7   Thumb Code     0  startup_at32f435_437.o(.text)
    EDMA_Stream6_IRQHandler                  0x080002c7   Thumb Code     0  startup_at32f435_437.o(.text)
    EDMA_Stream7_IRQHandler                  0x080002c7   Thumb Code     0  startup_at32f435_437.o(.text)
    EDMA_Stream8_IRQHandler                  0x080002c7   Thumb Code     0  startup_at32f435_437.o(.text)
    EMAC_IRQHandler                          0x080002c7   Thumb Code     0  startup_at32f435_437.o(.text)
    EMAC_WKUP_IRQHandler                     0x080002c7   Thumb Code     0  startup_at32f435_437.o(.text)
    ERTCAlarm_IRQHandler                     0x080002c7   Thumb Code     0  startup_at32f435_437.o(.text)
    ERTC_WKUP_IRQHandler                     0x080002c7   Thumb Code     0  startup_at32f435_437.o(.text)
    EXINT15_10_IRQHandler                    0x080002c7   Thumb Code     0  startup_at32f435_437.o(.text)
    EXINT2_IRQHandler                        0x080002c7   Thumb Code     0  startup_at32f435_437.o(.text)
    EXINT3_IRQHandler                        0x080002c7   Thumb Code     0  startup_at32f435_437.o(.text)
    EXINT4_IRQHandler                        0x080002c7   Thumb Code     0  startup_at32f435_437.o(.text)
    FLASH_IRQHandler                         0x080002c7   Thumb Code     0  startup_at32f435_437.o(.text)
    FPU_IRQHandler                           0x080002c7   Thumb Code     0  startup_at32f435_437.o(.text)
    I2C1_ERR_IRQHandler                      0x080002c7   Thumb Code     0  startup_at32f435_437.o(.text)
    I2C1_EVT_IRQHandler                      0x080002c7   Thumb Code     0  startup_at32f435_437.o(.text)
    I2C2_ERR_IRQHandler                      0x080002c7   Thumb Code     0  startup_at32f435_437.o(.text)
    I2C2_EVT_IRQHandler                      0x080002c7   Thumb Code     0  startup_at32f435_437.o(.text)
    I2C3_ERR_IRQHandler                      0x080002c7   Thumb Code     0  startup_at32f435_437.o(.text)
    I2C3_EVT_IRQHandler                      0x080002c7   Thumb Code     0  startup_at32f435_437.o(.text)
    OTGFS1_IRQHandler                        0x080002c7   Thumb Code     0  startup_at32f435_437.o(.text)
    OTGFS1_WKUP_IRQHandler                   0x080002c7   Thumb Code     0  startup_at32f435_437.o(.text)
    OTGFS2_IRQHandler                        0x080002c7   Thumb Code     0  startup_at32f435_437.o(.text)
    OTGFS2_WKUP_IRQHandler                   0x080002c7   Thumb Code     0  startup_at32f435_437.o(.text)
    PVM_IRQHandler                           0x080002c7   Thumb Code     0  startup_at32f435_437.o(.text)
    QSPI1_IRQHandler                         0x080002c7   Thumb Code     0  startup_at32f435_437.o(.text)
    QSPI2_IRQHandler                         0x080002c7   Thumb Code     0  startup_at32f435_437.o(.text)
    SDIO1_IRQHandler                         0x080002c7   Thumb Code     0  startup_at32f435_437.o(.text)
    SDIO2_IRQHandler                         0x080002c7   Thumb Code     0  startup_at32f435_437.o(.text)
    SPI1_IRQHandler                          0x080002c7   Thumb Code     0  startup_at32f435_437.o(.text)
    SPI2_I2S2EXT_IRQHandler                  0x080002c7   Thumb Code     0  startup_at32f435_437.o(.text)
    SPI3_I2S3EXT_IRQHandler                  0x080002c7   Thumb Code     0  startup_at32f435_437.o(.text)
    SPI4_IRQHandler                          0x080002c7   Thumb Code     0  startup_at32f435_437.o(.text)
    TAMP_STAMP_IRQHandler                    0x080002c7   Thumb Code     0  startup_at32f435_437.o(.text)
    TMR1_BRK_TMR9_IRQHandler                 0x080002c7   Thumb Code     0  startup_at32f435_437.o(.text)
    TMR1_CH_IRQHandler                       0x080002c7   Thumb Code     0  startup_at32f435_437.o(.text)
    TMR1_OVF_TMR10_IRQHandler                0x080002c7   Thumb Code     0  startup_at32f435_437.o(.text)
    TMR1_TRG_HALL_TMR11_IRQHandler           0x080002c7   Thumb Code     0  startup_at32f435_437.o(.text)
    TMR20_BRK_IRQHandler                     0x080002c7   Thumb Code     0  startup_at32f435_437.o(.text)
    TMR20_CH_IRQHandler                      0x080002c7   Thumb Code     0  startup_at32f435_437.o(.text)
    TMR20_OVF_IRQHandler                     0x080002c7   Thumb Code     0  startup_at32f435_437.o(.text)
    TMR20_TRG_HALL_IRQHandler                0x080002c7   Thumb Code     0  startup_at32f435_437.o(.text)
    TMR2_GLOBAL_IRQHandler                   0x080002c7   Thumb Code     0  startup_at32f435_437.o(.text)
    TMR3_GLOBAL_IRQHandler                   0x080002c7   Thumb Code     0  startup_at32f435_437.o(.text)
    TMR4_GLOBAL_IRQHandler                   0x080002c7   Thumb Code     0  startup_at32f435_437.o(.text)
    TMR5_GLOBAL_IRQHandler                   0x080002c7   Thumb Code     0  startup_at32f435_437.o(.text)
    TMR6_DAC_GLOBAL_IRQHandler               0x080002c7   Thumb Code     0  startup_at32f435_437.o(.text)
    TMR8_BRK_TMR12_IRQHandler                0x080002c7   Thumb Code     0  startup_at32f435_437.o(.text)
    TMR8_CH_IRQHandler                       0x080002c7   Thumb Code     0  startup_at32f435_437.o(.text)
    TMR8_OVF_TMR13_IRQHandler                0x080002c7   Thumb Code     0  startup_at32f435_437.o(.text)
    TMR8_TRG_HALL_TMR14_IRQHandler           0x080002c7   Thumb Code     0  startup_at32f435_437.o(.text)
    UART4_IRQHandler                         0x080002c7   Thumb Code     0  startup_at32f435_437.o(.text)
    UART5_IRQHandler                         0x080002c7   Thumb Code     0  startup_at32f435_437.o(.text)
    UART7_IRQHandler                         0x080002c7   Thumb Code     0  startup_at32f435_437.o(.text)
    UART8_IRQHandler                         0x080002c7   Thumb Code     0  startup_at32f435_437.o(.text)
    USART1_IRQHandler                        0x080002c7   Thumb Code     0  startup_at32f435_437.o(.text)
    USART2_IRQHandler                        0x080002c7   Thumb Code     0  startup_at32f435_437.o(.text)
    USART3_IRQHandler                        0x080002c7   Thumb Code     0  startup_at32f435_437.o(.text)
    USART6_IRQHandler                        0x080002c7   Thumb Code     0  startup_at32f435_437.o(.text)
    WWDT_IRQHandler                          0x080002c7   Thumb Code     0  startup_at32f435_437.o(.text)
    XMC_IRQHandler                           0x080002c7   Thumb Code     0  startup_at32f435_437.o(.text)
    __user_initial_stackheap                 0x080002c9   Thumb Code     0  startup_at32f435_437.o(.text)
    __aeabi_uldivmod                         0x080002ed   Thumb Code     0  lludivv7m.o(.text)
    _ll_udiv                                 0x080002ed   Thumb Code   238  lludivv7m.o(.text)
    __use_two_region_memory                  0x080003db   Thumb Code     2  heapauxi.o(.text)
    __rt_heap_escrow$2region                 0x080003dd   Thumb Code     2  heapauxi.o(.text)
    __rt_heap_expand$2region                 0x080003df   Thumb Code     2  heapauxi.o(.text)
    __user_setup_stackheap                   0x080003e1   Thumb Code    74  sys_stackheap_outer.o(.text)
    exit                                     0x0800042b   Thumb Code    18  exit.o(.text)
    __user_libspace                          0x0800043d   Thumb Code     8  libspace.o(.text)
    __user_perproc_libspace                  0x0800043d   Thumb Code     0  libspace.o(.text)
    __user_perthread_libspace                0x0800043d   Thumb Code     0  libspace.o(.text)
    _sys_exit                                0x08000445   Thumb Code     8  sys_exit.o(.text)
    __I$use$semihosting                      0x08000451   Thumb Code     0  use_no_semi.o(.text)
    __use_no_semihosting_swi                 0x08000451   Thumb Code     2  use_no_semi.o(.text)
    BusFault_Handler                         0x08000453   Thumb Code     4  at32f435_437_int.o(i.BusFault_Handler)
    __semihosting_library_function           0x08000453   Thumb Code     0  indicate_semi.o(.text)
    DebugMon_Handler                         0x08000457   Thumb Code     2  at32f435_437_int.o(i.DebugMon_Handler)
    EXINT0_IRQHandler                        0x08000459   Thumb Code    18  at32f435_437_int.o(i.EXINT0_IRQHandler)
    EXINT1_IRQHandler                        0x0800046b   Thumb Code    18  at32f435_437_int.o(i.EXINT1_IRQHandler)
    EXINT9_5_IRQHandler                      0x0800047d   Thumb Code    18  at32f435_437_int.o(i.EXINT9_5_IRQHandler)
    HardFault_Handler                        0x0800048f   Thumb Code     4  at32f435_437_int.o(i.HardFault_Handler)
    MemManage_Handler                        0x08000493   Thumb Code     4  at32f435_437_int.o(i.MemManage_Handler)
    NMI_Handler                              0x08000497   Thumb Code     2  at32f435_437_int.o(i.NMI_Handler)
    PendSV_Handler                           0x080004d9   Thumb Code     2  at32f435_437_int.o(i.PendSV_Handler)
    SVC_Handler                              0x080004db   Thumb Code     2  at32f435_437_int.o(i.SVC_Handler)
    SysTick_Handler                          0x080004dd   Thumb Code     2  at32f435_437_int.o(i.SysTick_Handler)
    SystemInit                               0x080004e1   Thumb Code   128  system_at32f435_437.o(i.SystemInit)
    TMR7_GLOBAL_IRQHandler                   0x08000571   Thumb Code    22  at32f435_437_int.o(i.TMR7_GLOBAL_IRQHandler)
    UsageFault_Handler                       0x0800058d   Thumb Code     4  at32f435_437_int.o(i.UsageFault_Handler)
    crm_ahb_div_set                          0x080005c9   Thumb Code    14  at32f435_437_crm.o(i.crm_ahb_div_set)
    crm_apb1_div_set                         0x080005dd   Thumb Code    14  at32f435_437_crm.o(i.crm_apb1_div_set)
    crm_apb2_div_set                         0x080005f1   Thumb Code    14  at32f435_437_crm.o(i.crm_apb2_div_set)
    crm_auto_step_mode_enable                0x08000605   Thumb Code    34  at32f435_437_crm.o(i.crm_auto_step_mode_enable)
    crm_clock_source_enable                  0x0800062d   Thumb Code    98  at32f435_437_crm.o(i.crm_clock_source_enable)
    crm_clocks_freq_get                      0x08000695   Thumb Code   242  at32f435_437_crm.o(i.crm_clocks_freq_get)
    crm_flag_get                             0x080007a5   Thumb Code    44  at32f435_437_crm.o(i.crm_flag_get)
    crm_periph_clock_enable                  0x080007d5   Thumb Code    70  at32f435_437_crm.o(i.crm_periph_clock_enable)
    crm_pll_config                           0x08000821   Thumb Code    68  at32f435_437_crm.o(i.crm_pll_config)
    crm_reset                                0x08000869   Thumb Code   106  at32f435_437_crm.o(i.crm_reset)
    crm_sysclk_switch                        0x080008e1   Thumb Code    54  at32f435_437_crm.o(i.crm_sysclk_switch)
    crm_sysclk_switch_status_get             0x0800091d   Thumb Code    10  at32f435_437_crm.o(i.crm_sysclk_switch_status_get)
    exint_default_para_init                  0x0800092d   Thumb Code    14  at32f435_437_exint.o(i.exint_default_para_init)
    exint_flag_clear                         0x0800093d   Thumb Code     6  at32f435_437_exint.o(i.exint_flag_clear)
    exint_init                               0x08000949   Thumb Code   148  at32f435_437_exint.o(i.exint_init)
    exint_interrupt_flag_get                 0x080009e1   Thumb Code    32  at32f435_437_exint.o(i.exint_interrupt_flag_get)
    gpio_bits_set                            0x08000a05   Thumb Code     4  at32f435_437_gpio.o(i.gpio_bits_set)
    gpio_default_para_init                   0x08000a09   Thumb Code    20  at32f435_437_gpio.o(i.gpio_default_para_init)
    gpio_init                                0x08000a1d   Thumb Code   122  at32f435_437_gpio.o(i.gpio_init)
    gpio_pin_mux_config                      0x08000a97   Thumb Code    66  at32f435_437_gpio.o(i.gpio_pin_mux_config)
    main                                     0x08000ad9   Thumb Code    36  main.o(i.main)
    nvic_irq_enable                          0x08000afd   Thumb Code   190  at32f435_437_misc.o(i.nvic_irq_enable)
    nvic_priority_group_config               0x08000bc5   Thumb Code    32  at32f435_437_misc.o(i.nvic_priority_group_config)
    scfg_exint_line_config                   0x08000bed   Thumb Code   176  at32f435_437_scfg.o(i.scfg_exint_line_config)
    spi_default_para_init                    0x08000ca1   Thumb Code    22  at32f435_437_spi.o(i.spi_default_para_init)
    spi_enable                               0x08000cb7   Thumb Code    10  at32f435_437_spi.o(i.spi_enable)
    spi_init                                 0x08000cc1   Thumb Code   344  at32f435_437_spi.o(i.spi_init)
    system_core_clock_update                 0x08000e19   Thumb Code   214  system_at32f435_437.o(i.system_core_clock_update)
    systick_clock_source_config              0x08000f09   Thumb Code    40  at32f435_437_misc.o(i.systick_clock_source_config)
    tmr_base_init                            0x08000f31   Thumb Code    16  at32f435_437_tmr.o(i.tmr_base_init)
    tmr_cnt_dir_set                          0x08000f41   Thumb Code    10  at32f435_437_tmr.o(i.tmr_cnt_dir_set)
    tmr_counter_enable                       0x08000f4b   Thumb Code    10  at32f435_437_tmr.o(i.tmr_counter_enable)
    tmr_flag_clear                           0x08000f55   Thumb Code     6  at32f435_437_tmr.o(i.tmr_flag_clear)
    tmr_interrupt_enable                     0x08000f5b   Thumb Code    22  at32f435_437_tmr.o(i.tmr_interrupt_enable)
    tmr_interrupt_flag_get                   0x08000f71   Thumb Code    24  at32f435_437_tmr.o(i.tmr_interrupt_flag_get)
    tmr_period_buffer_enable                 0x08000f89   Thumb Code    10  at32f435_437_tmr.o(i.tmr_period_buffer_enable)
    tmr_primary_mode_select                  0x08000f93   Thumb Code    10  at32f435_437_tmr.o(i.tmr_primary_mode_select)
    wk_exint_config                          0x08000f9d   Thumb Code   220  wk_exint.o(i.wk_exint_config)
    wk_gpio_config                           0x0800107d   Thumb Code    96  wk_gpio.o(i.wk_gpio_config)
    wk_nvic_config                           0x080010e5   Thumb Code   232  at32f435_437_wk_config.o(i.wk_nvic_config)
    wk_periph_clock_config                   0x080011cd   Thumb Code    48  at32f435_437_wk_config.o(i.wk_periph_clock_config)
    wk_spi2_init                             0x08001209   Thumb Code   214  wk_spi.o(i.wk_spi2_init)
    wk_system_clock_config                   0x080012e9   Thumb Code   166  at32f435_437_wk_config.o(i.wk_system_clock_config)
    wk_timebase_init                         0x080013a1   Thumb Code    56  wk_system.o(i.wk_timebase_init)
    wk_tmr7_init                             0x080013e1   Thumb Code    58  wk_tmr.o(i.wk_tmr7_init)
    _fp_init                                 0x08001421   Thumb Code    10  fpinit.o(x$fpl$fpinit)
    __fplib_config_fpu_vfp                   0x08001429   Thumb Code     0  fpinit.o(x$fpl$fpinit)
    __fplib_config_pureend_doubles           0x08001429   Thumb Code     0  fpinit.o(x$fpl$fpinit)
    Region$$Table$$Base                      0x08001468   Number         0  anon$$obj.o(Region$$Table)
    Region$$Table$$Limit                     0x08001488   Number         0  anon$$obj.o(Region$$Table)
    ticks_count_us                           0x20000000   Data           4  wk_system.o(.data)
    system_core_clock                        0x20000004   Data           4  system_at32f435_437.o(.data)
    __libspace_start                         0x20000008   Data          96  libspace.o(.bss)
    __temporary_stack_top$libspace           0x20000068   Data           0  libspace.o(.bss)



==============================================================================

Memory Map of the image

  Image Entry point : 0x0800020d

  Load Region LR_IROM1 (Base: 0x08000000, Size: 0x00001490, Max: 0x00100000, ABSOLUTE)

    Execution Region ER_IROM1 (Exec base: 0x08000000, Load base: 0x08000000, Size: 0x00001488, Max: 0x00100000, ABSOLUTE)

    Exec Addr    Load Addr    Size         Type   Attr      Idx    E Section Name        Object

    0x08000000   0x08000000   0x0000020c   Data   RO         5173    RESET               startup_at32f435_437.o
    0x0800020c   0x0800020c   0x00000008   Code   RO         5221  * !!!main             c_w.l(__main.o)
    0x08000214   0x08000214   0x00000034   Code   RO         5388    !!!scatter          c_w.l(__scatter.o)
    0x08000248   0x08000248   0x0000001a   Code   RO         5390    !!handler_copy      c_w.l(__scatter_copy.o)
    0x08000262   0x08000262   0x00000002   PAD
    0x08000264   0x08000264   0x0000001c   Code   RO         5392    !!handler_zi        c_w.l(__scatter_zi.o)
    0x08000280   0x08000280   0x00000002   Code   RO         5258    .ARM.Collect$$libinit$$00000000  c_w.l(libinit.o)
    0x08000282   0x08000282   0x00000004   Code   RO         5270    .ARM.Collect$$libinit$$00000001  c_w.l(libinit2.o)
    0x08000286   0x08000286   0x00000000   Code   RO         5273    .ARM.Collect$$libinit$$00000004  c_w.l(libinit2.o)
    0x08000286   0x08000286   0x00000000   Code   RO         5276    .ARM.Collect$$libinit$$0000000A  c_w.l(libinit2.o)
    0x08000286   0x08000286   0x00000000   Code   RO         5278    .ARM.Collect$$libinit$$0000000C  c_w.l(libinit2.o)
    0x08000286   0x08000286   0x00000000   Code   RO         5280    .ARM.Collect$$libinit$$0000000E  c_w.l(libinit2.o)
    0x08000286   0x08000286   0x00000000   Code   RO         5283    .ARM.Collect$$libinit$$00000011  c_w.l(libinit2.o)
    0x08000286   0x08000286   0x00000000   Code   RO         5285    .ARM.Collect$$libinit$$00000013  c_w.l(libinit2.o)
    0x08000286   0x08000286   0x00000000   Code   RO         5287    .ARM.Collect$$libinit$$00000015  c_w.l(libinit2.o)
    0x08000286   0x08000286   0x00000000   Code   RO         5289    .ARM.Collect$$libinit$$00000017  c_w.l(libinit2.o)
    0x08000286   0x08000286   0x00000000   Code   RO         5291    .ARM.Collect$$libinit$$00000019  c_w.l(libinit2.o)
    0x08000286   0x08000286   0x00000000   Code   RO         5293    .ARM.Collect$$libinit$$0000001B  c_w.l(libinit2.o)
    0x08000286   0x08000286   0x00000000   Code   RO         5295    .ARM.Collect$$libinit$$0000001D  c_w.l(libinit2.o)
    0x08000286   0x08000286   0x00000000   Code   RO         5297    .ARM.Collect$$libinit$$0000001F  c_w.l(libinit2.o)
    0x08000286   0x08000286   0x00000000   Code   RO         5299    .ARM.Collect$$libinit$$00000021  c_w.l(libinit2.o)
    0x08000286   0x08000286   0x00000000   Code   RO         5301    .ARM.Collect$$libinit$$00000023  c_w.l(libinit2.o)
    0x08000286   0x08000286   0x00000000   Code   RO         5303    .ARM.Collect$$libinit$$00000025  c_w.l(libinit2.o)
    0x08000286   0x08000286   0x00000000   Code   RO         5307    .ARM.Collect$$libinit$$0000002C  c_w.l(libinit2.o)
    0x08000286   0x08000286   0x00000000   Code   RO         5309    .ARM.Collect$$libinit$$0000002E  c_w.l(libinit2.o)
    0x08000286   0x08000286   0x00000000   Code   RO         5311    .ARM.Collect$$libinit$$00000030  c_w.l(libinit2.o)
    0x08000286   0x08000286   0x00000000   Code   RO         5313    .ARM.Collect$$libinit$$00000032  c_w.l(libinit2.o)
    0x08000286   0x08000286   0x00000002   Code   RO         5314    .ARM.Collect$$libinit$$00000033  c_w.l(libinit2.o)
    0x08000288   0x08000288   0x00000002   Code   RO         5345    .ARM.Collect$$libshutdown$$00000000  c_w.l(libshutdown.o)
    0x0800028a   0x0800028a   0x00000000   Code   RO         5371    .ARM.Collect$$libshutdown$$00000002  c_w.l(libshutdown2.o)
    0x0800028a   0x0800028a   0x00000000   Code   RO         5373    .ARM.Collect$$libshutdown$$00000004  c_w.l(libshutdown2.o)
    0x0800028a   0x0800028a   0x00000000   Code   RO         5376    .ARM.Collect$$libshutdown$$00000007  c_w.l(libshutdown2.o)
    0x0800028a   0x0800028a   0x00000000   Code   RO         5379    .ARM.Collect$$libshutdown$$0000000A  c_w.l(libshutdown2.o)
    0x0800028a   0x0800028a   0x00000000   Code   RO         5381    .ARM.Collect$$libshutdown$$0000000C  c_w.l(libshutdown2.o)
    0x0800028a   0x0800028a   0x00000000   Code   RO         5384    .ARM.Collect$$libshutdown$$0000000F  c_w.l(libshutdown2.o)
    0x0800028a   0x0800028a   0x00000002   Code   RO         5385    .ARM.Collect$$libshutdown$$00000010  c_w.l(libshutdown2.o)
    0x0800028c   0x0800028c   0x00000000   Code   RO         5223    .ARM.Collect$$rtentry$$00000000  c_w.l(__rtentry.o)
    0x0800028c   0x0800028c   0x00000000   Code   RO         5229    .ARM.Collect$$rtentry$$00000002  c_w.l(__rtentry2.o)
    0x0800028c   0x0800028c   0x00000006   Code   RO         5241    .ARM.Collect$$rtentry$$00000004  c_w.l(__rtentry4.o)
    0x08000292   0x08000292   0x00000000   Code   RO         5231    .ARM.Collect$$rtentry$$00000009  c_w.l(__rtentry2.o)
    0x08000292   0x08000292   0x00000004   Code   RO         5232    .ARM.Collect$$rtentry$$0000000A  c_w.l(__rtentry2.o)
    0x08000296   0x08000296   0x00000000   Code   RO         5234    .ARM.Collect$$rtentry$$0000000C  c_w.l(__rtentry2.o)
    0x08000296   0x08000296   0x00000008   Code   RO         5235    .ARM.Collect$$rtentry$$0000000D  c_w.l(__rtentry2.o)
    0x0800029e   0x0800029e   0x00000002   Code   RO         5262    .ARM.Collect$$rtexit$$00000000  c_w.l(rtexit.o)
    0x080002a0   0x080002a0   0x00000000   Code   RO         5318    .ARM.Collect$$rtexit$$00000002  c_w.l(rtexit2.o)
    0x080002a0   0x080002a0   0x00000004   Code   RO         5319    .ARM.Collect$$rtexit$$00000003  c_w.l(rtexit2.o)
    0x080002a4   0x080002a4   0x00000006   Code   RO         5320    .ARM.Collect$$rtexit$$00000004  c_w.l(rtexit2.o)
    0x080002aa   0x080002aa   0x00000002   PAD
    0x080002ac   0x080002ac   0x00000040   Code   RO         5174    .text               startup_at32f435_437.o
    0x080002ec   0x080002ec   0x000000ee   Code   RO         5217    .text               c_w.l(lludivv7m.o)
    0x080003da   0x080003da   0x00000006   Code   RO         5219    .text               c_w.l(heapauxi.o)
    0x080003e0   0x080003e0   0x0000004a   Code   RO         5245    .text               c_w.l(sys_stackheap_outer.o)
    0x0800042a   0x0800042a   0x00000012   Code   RO         5247    .text               c_w.l(exit.o)
    0x0800043c   0x0800043c   0x00000008   Code   RO         5259    .text               c_w.l(libspace.o)
    0x08000444   0x08000444   0x0000000c   Code   RO         5315    .text               c_w.l(sys_exit.o)
    0x08000450   0x08000450   0x00000002   Code   RO         5334    .text               c_w.l(use_no_semi.o)
    0x08000452   0x08000452   0x00000000   Code   RO         5336    .text               c_w.l(indicate_semi.o)
    0x08000452   0x08000452   0x00000004   Code   RO            4    i.BusFault_Handler  at32f435_437_int.o
    0x08000456   0x08000456   0x00000002   Code   RO            5    i.DebugMon_Handler  at32f435_437_int.o
    0x08000458   0x08000458   0x00000012   Code   RO            6    i.EXINT0_IRQHandler  at32f435_437_int.o
    0x0800046a   0x0800046a   0x00000012   Code   RO            7    i.EXINT1_IRQHandler  at32f435_437_int.o
    0x0800047c   0x0800047c   0x00000012   Code   RO            8    i.EXINT9_5_IRQHandler  at32f435_437_int.o
    0x0800048e   0x0800048e   0x00000004   Code   RO            9    i.HardFault_Handler  at32f435_437_int.o
    0x08000492   0x08000492   0x00000004   Code   RO           10    i.MemManage_Handler  at32f435_437_int.o
    0x08000496   0x08000496   0x00000002   Code   RO           11    i.NMI_Handler       at32f435_437_int.o
    0x08000498   0x08000498   0x00000040   Code   RO          222    i.NVIC_EncodePriority  at32f435_437_wk_config.o
    0x080004d8   0x080004d8   0x00000002   Code   RO           12    i.PendSV_Handler    at32f435_437_int.o
    0x080004da   0x080004da   0x00000002   Code   RO           13    i.SVC_Handler       at32f435_437_int.o
    0x080004dc   0x080004dc   0x00000002   Code   RO           14    i.SysTick_Handler   at32f435_437_int.o
    0x080004de   0x080004de   0x00000002   PAD
    0x080004e0   0x080004e0   0x00000090   Code   RO         5181    i.SystemInit        system_at32f435_437.o
    0x08000570   0x08000570   0x0000001c   Code   RO           15    i.TMR7_GLOBAL_IRQHandler  at32f435_437_int.o
    0x0800058c   0x0800058c   0x00000004   Code   RO           16    i.UsageFault_Handler  at32f435_437_int.o
    0x08000590   0x08000590   0x00000010   Code   RO          223    i.__NVIC_GetPriorityGrouping  at32f435_437_wk_config.o
    0x080005a0   0x080005a0   0x00000028   Code   RO          224    i.__NVIC_SetPriority  at32f435_437_wk_config.o
    0x080005c8   0x080005c8   0x00000014   Code   RO         1142    i.crm_ahb_div_set   at32f435_437_crm.o
    0x080005dc   0x080005dc   0x00000014   Code   RO         1143    i.crm_apb1_div_set  at32f435_437_crm.o
    0x080005f0   0x080005f0   0x00000014   Code   RO         1144    i.crm_apb2_div_set  at32f435_437_crm.o
    0x08000604   0x08000604   0x00000028   Code   RO         1145    i.crm_auto_step_mode_enable  at32f435_437_crm.o
    0x0800062c   0x0800062c   0x00000068   Code   RO         1152    i.crm_clock_source_enable  at32f435_437_crm.o
    0x08000694   0x08000694   0x00000110   Code   RO         1153    i.crm_clocks_freq_get  at32f435_437_crm.o
    0x080007a4   0x080007a4   0x00000030   Code   RO         1158    i.crm_flag_get      at32f435_437_crm.o
    0x080007d4   0x080007d4   0x0000004c   Code   RO         1168    i.crm_periph_clock_enable  at32f435_437_crm.o
    0x08000820   0x08000820   0x00000048   Code   RO         1171    i.crm_pll_config    at32f435_437_crm.o
    0x08000868   0x08000868   0x00000078   Code   RO         1173    i.crm_reset         at32f435_437_crm.o
    0x080008e0   0x080008e0   0x0000003c   Code   RO         1174    i.crm_sysclk_switch  at32f435_437_crm.o
    0x0800091c   0x0800091c   0x00000010   Code   RO         1175    i.crm_sysclk_switch_status_get  at32f435_437_crm.o
    0x0800092c   0x0800092c   0x0000000e   Code   RO         2523    i.exint_default_para_init  at32f435_437_exint.o
    0x0800093a   0x0800093a   0x00000002   PAD
    0x0800093c   0x0800093c   0x0000000c   Code   RO         2525    i.exint_flag_clear  at32f435_437_exint.o
    0x08000948   0x08000948   0x00000098   Code   RO         2527    i.exint_init        at32f435_437_exint.o
    0x080009e0   0x080009e0   0x00000024   Code   RO         2529    i.exint_interrupt_flag_get  at32f435_437_exint.o
    0x08000a04   0x08000a04   0x00000004   Code   RO         2867    i.gpio_bits_set     at32f435_437_gpio.o
    0x08000a08   0x08000a08   0x00000014   Code   RO         2870    i.gpio_default_para_init  at32f435_437_gpio.o
    0x08000a1c   0x08000a1c   0x0000007a   Code   RO         2871    i.gpio_init         at32f435_437_gpio.o
    0x08000a96   0x08000a96   0x00000042   Code   RO         2876    i.gpio_pin_mux_config  at32f435_437_gpio.o
    0x08000ad8   0x08000ad8   0x00000024   Code   RO          284    i.main              main.o
    0x08000afc   0x08000afc   0x000000c8   Code   RO         3239    i.nvic_irq_enable   at32f435_437_misc.o
    0x08000bc4   0x08000bc4   0x00000028   Code   RO         3241    i.nvic_priority_group_config  at32f435_437_misc.o
    0x08000bec   0x08000bec   0x000000b4   Code   RO         3543    i.scfg_exint_line_config  at32f435_437_scfg.o
    0x08000ca0   0x08000ca0   0x00000016   Code   RO         3802    i.spi_default_para_init  at32f435_437_spi.o
    0x08000cb6   0x08000cb6   0x0000000a   Code   RO         3803    i.spi_enable        at32f435_437_spi.o
    0x08000cc0   0x08000cc0   0x00000158   Code   RO         3816    i.spi_init          at32f435_437_spi.o
    0x08000e18   0x08000e18   0x000000f0   Code   RO         5182    i.system_core_clock_update  system_at32f435_437.o
    0x08000f08   0x08000f08   0x00000028   Code   RO         3244    i.systick_clock_source_config  at32f435_437_misc.o
    0x08000f30   0x08000f30   0x00000010   Code   RO         3963    i.tmr_base_init     at32f435_437_tmr.o
    0x08000f40   0x08000f40   0x0000000a   Code   RO         3973    i.tmr_cnt_dir_set   at32f435_437_tmr.o
    0x08000f4a   0x08000f4a   0x0000000a   Code   RO         3974    i.tmr_counter_enable  at32f435_437_tmr.o
    0x08000f54   0x08000f54   0x00000006   Code   RO         3986    i.tmr_flag_clear    at32f435_437_tmr.o
    0x08000f5a   0x08000f5a   0x00000016   Code   RO         3995    i.tmr_interrupt_enable  at32f435_437_tmr.o
    0x08000f70   0x08000f70   0x00000018   Code   RO         3996    i.tmr_interrupt_flag_get  at32f435_437_tmr.o
    0x08000f88   0x08000f88   0x0000000a   Code   RO         4009    i.tmr_period_buffer_enable  at32f435_437_tmr.o
    0x08000f92   0x08000f92   0x0000000a   Code   RO         4012    i.tmr_primary_mode_select  at32f435_437_tmr.o
    0x08000f9c   0x08000f9c   0x000000e0   Code   RO          362    i.wk_exint_config   wk_exint.o
    0x0800107c   0x0800107c   0x00000068   Code   RO          434    i.wk_gpio_config    wk_gpio.o
    0x080010e4   0x080010e4   0x000000e8   Code   RO          225    i.wk_nvic_config    at32f435_437_wk_config.o
    0x080011cc   0x080011cc   0x0000003c   Code   RO          226    i.wk_periph_clock_config  at32f435_437_wk_config.o
    0x08001208   0x08001208   0x000000e0   Code   RO          386    i.wk_spi2_init      wk_spi.o
    0x080012e8   0x080012e8   0x000000b8   Code   RO          227    i.wk_system_clock_config  at32f435_437_wk_config.o
    0x080013a0   0x080013a0   0x00000040   Code   RO          325    i.wk_timebase_init  wk_system.o
    0x080013e0   0x080013e0   0x00000040   Code   RO          410    i.wk_tmr7_init      wk_tmr.o
    0x08001420   0x08001420   0x0000000a   Code   RO         5330    x$fpl$fpinit        fz_wm.l(fpinit.o)
    0x0800142a   0x0800142a   0x00000026   Data   RO         1178    .constdata          at32f435_437_crm.o
    0x08001450   0x08001450   0x00000016   Data   RO         5183    .constdata          system_at32f435_437.o
    0x08001466   0x08001466   0x00000002   PAD
    0x08001468   0x08001468   0x00000020   Data   RO         5386    Region$$Table       anon$$obj.o


    Execution Region RW_IRAM1 (Exec base: 0x20000000, Load base: 0x08001488, Size: 0x00000c68, Max: 0x00060000, ABSOLUTE)

    Exec Addr    Load Addr    Size         Type   Attr      Idx    E Section Name        Object

    0x20000000   0x08001488   0x00000004   Data   RW          326    .data               wk_system.o
    0x20000004   0x0800148c   0x00000004   Data   RW         5184    .data               system_at32f435_437.o
    0x20000008        -       0x00000060   Zero   RW         5260    .bss                c_w.l(libspace.o)
    0x20000068        -       0x00000400   Zero   RW         5172    HEAP                startup_at32f435_437.o
    0x20000468        -       0x00000800   Zero   RW         5171    STACK               startup_at32f435_437.o


==============================================================================

Image component sizes


      Code (inc. data)   RO Data    RW Data    ZI Data      Debug   Object Name

       868        106         38          0          0       7981   at32f435_437_crm.o
       214         14          0          0          0       2825   at32f435_437_exint.o
       212          0          0          0          0       3023   at32f435_437_gpio.o
       108          6          0          0          0      66949   at32f435_437_int.o
       280         18          0          0          0      32664   at32f435_437_misc.o
       180          4          0          0          0        701   at32f435_437_scfg.o
       376          0          0          0          0       2272   at32f435_437_spi.o
       108          0          0          0          0       5317   at32f435_437_tmr.o
       596         44          0          0          0      33350   at32f435_437_wk_config.o
        36          0          0          0          0        491   main.o
        64         26        524          0       3072        816   startup_at32f435_437.o
       384         42         22          4          0       2260   system_at32f435_437.o
       224          4          0          0          0        706   wk_exint.o
       104          8          0          0          0        565   wk_gpio.o
       224         10          0          0          0        655   wk_spi.o
        64          8          0          4          0       1144   wk_system.o
        64          6          0          0          0        495   wk_tmr.o

    ----------------------------------------------------------------------
      4110        296        618          8       3072     162214   Object Totals
         0          0         32          0          0          0   (incl. Generated)
         4          0          2          0          0          0   (incl. Padding)

    ----------------------------------------------------------------------

      Code (inc. data)   RO Data    RW Data    ZI Data      Debug   Library Member Name

         8          0          0          0          0         68   __main.o
         0          0          0          0          0          0   __rtentry.o
        12          0          0          0          0          0   __rtentry2.o
         6          0          0          0          0          0   __rtentry4.o
        52          8          0          0          0          0   __scatter.o
        26          0          0          0          0          0   __scatter_copy.o
        28          0          0          0          0          0   __scatter_zi.o
        18          0          0          0          0         80   exit.o
         6          0          0          0          0        152   heapauxi.o
         0          0          0          0          0          0   indicate_semi.o
         2          0          0          0          0          0   libinit.o
         6          0          0          0          0          0   libinit2.o
         2          0          0          0          0          0   libshutdown.o
         2          0          0          0          0          0   libshutdown2.o
         8          4          0          0         96         68   libspace.o
       238          0          0          0          0        100   lludivv7m.o
         2          0          0          0          0          0   rtexit.o
        10          0          0          0          0          0   rtexit2.o
        12          4          0          0          0         68   sys_exit.o
        74          0          0          0          0         80   sys_stackheap_outer.o
         2          0          0          0          0         68   use_no_semi.o
        10          0          0          0          0        116   fpinit.o

    ----------------------------------------------------------------------
       528         16          0          0         96        800   Library Totals
         4          0          0          0          0          0   (incl. Padding)

    ----------------------------------------------------------------------

      Code (inc. data)   RO Data    RW Data    ZI Data      Debug   Library Name

       514         16          0          0         96        684   c_w.l
        10          0          0          0          0        116   fz_wm.l

    ----------------------------------------------------------------------
       528         16          0          0         96        800   Library Totals

    ----------------------------------------------------------------------

==============================================================================


      Code (inc. data)   RO Data    RW Data    ZI Data      Debug   

      4638        312        618          8       3168     157206   Grand Totals
      4638        312        618          8       3168     157206   ELF Image Totals
      4638        312        618          8          0          0   ROM Totals

==============================================================================

    Total RO  Size (Code + RO Data)                 5256 (   5.13kB)
    Total RW  Size (RW Data + ZI Data)              3176 (   3.10kB)
    Total ROM Size (Code + RO Data + RW Data)       5264 (   5.14kB)

==============================================================================

